Archive member included to satisfy reference by file (symbol)

/home/maldus/Local/renesas/e2_studio/toolchains/gcc_arm/13_2-Rel1/arm-gnu-toolchain-13.2.Rel1-x86_64-arm-none-eabi/bin/../lib/gcc/arm-none-eabi/13.2.1/thumb/v8-m.base/nofp/libgcc.a(_clzsi2.o)
                              ./ra/fsp/src/r_adc/r_adc.o (__clzsi2)
/home/maldus/Local/renesas/e2_studio/toolchains/gcc_arm/13_2-Rel1/arm-gnu-toolchain-13.2.Rel1-x86_64-arm-none-eabi/bin/../lib/gcc/arm-none-eabi/13.2.1/thumb/v8-m.base/nofp/libgcc.a(_aeabi_ldivmod.o)
                              ./src/bsp/pwm.o (__aeabi_ldivmod)
/home/maldus/Local/renesas/e2_studio/toolchains/gcc_arm/13_2-Rel1/arm-gnu-toolchain-13.2.Rel1-x86_64-arm-none-eabi/bin/../lib/gcc/arm-none-eabi/13.2.1/thumb/v8-m.base/nofp/libgcc.a(_aeabi_uldivmod.o)
                              ./src/bsp/pwm.o (__aeabi_uldivmod)
/home/maldus/Local/renesas/e2_studio/toolchains/gcc_arm/13_2-Rel1/arm-gnu-toolchain-13.2.Rel1-x86_64-arm-none-eabi/bin/../lib/gcc/arm-none-eabi/13.2.1/thumb/v8-m.base/nofp/libgcc.a(_muldi3.o)
                              ./src/bsp/pwm.o (__aeabi_lmul)
/home/maldus/Local/renesas/e2_studio/toolchains/gcc_arm/13_2-Rel1/arm-gnu-toolchain-13.2.Rel1-x86_64-arm-none-eabi/bin/../lib/gcc/arm-none-eabi/13.2.1/thumb/v8-m.base/nofp/libgcc.a(_udivmoddi4.o)
                              /home/maldus/Local/renesas/e2_studio/toolchains/gcc_arm/13_2-Rel1/arm-gnu-toolchain-13.2.Rel1-x86_64-arm-none-eabi/bin/../lib/gcc/arm-none-eabi/13.2.1/thumb/v8-m.base/nofp/libgcc.a(_aeabi_uldivmod.o) (__udivmoddi4)
/home/maldus/Local/renesas/e2_studio/toolchains/gcc_arm/13_2-Rel1/arm-gnu-toolchain-13.2.Rel1-x86_64-arm-none-eabi/bin/../lib/gcc/arm-none-eabi/13.2.1/thumb/v8-m.base/nofp/libgcc.a(bpabi.o)
                              /home/maldus/Local/renesas/e2_studio/toolchains/gcc_arm/13_2-Rel1/arm-gnu-toolchain-13.2.Rel1-x86_64-arm-none-eabi/bin/../lib/gcc/arm-none-eabi/13.2.1/thumb/v8-m.base/nofp/libgcc.a(_aeabi_ldivmod.o) (__gnu_ldivmod_helper)
/home/maldus/Local/renesas/e2_studio/toolchains/gcc_arm/13_2-Rel1/arm-gnu-toolchain-13.2.Rel1-x86_64-arm-none-eabi/bin/../lib/gcc/arm-none-eabi/13.2.1/thumb/v8-m.base/nofp/libgcc.a(_dvmd_tls.o)
                              /home/maldus/Local/renesas/e2_studio/toolchains/gcc_arm/13_2-Rel1/arm-gnu-toolchain-13.2.Rel1-x86_64-arm-none-eabi/bin/../lib/gcc/arm-none-eabi/13.2.1/thumb/v8-m.base/nofp/libgcc.a(_aeabi_ldivmod.o) (__aeabi_ldiv0)
/home/maldus/Local/renesas/e2_studio/toolchains/gcc_arm/13_2-Rel1/arm-gnu-toolchain-13.2.Rel1-x86_64-arm-none-eabi/bin/../lib/gcc/arm-none-eabi/13.2.1/thumb/v8-m.base/nofp/libgcc.a(_divdi3.o)
                              /home/maldus/Local/renesas/e2_studio/toolchains/gcc_arm/13_2-Rel1/arm-gnu-toolchain-13.2.Rel1-x86_64-arm-none-eabi/bin/../lib/gcc/arm-none-eabi/13.2.1/thumb/v8-m.base/nofp/libgcc.a(bpabi.o) (__divdi3)
/home/maldus/Local/renesas/e2_studio/toolchains/gcc_arm/13_2-Rel1/arm-gnu-toolchain-13.2.Rel1-x86_64-arm-none-eabi/bin/../lib/gcc/arm-none-eabi/13.2.1/../../../../arm-none-eabi/lib/thumb/v8-m.base/nofp/libg_nano.a(libc_a-exit.o)
                              /home/maldus/Local/renesas/e2_studio/toolchains/gcc_arm/13_2-Rel1/arm-gnu-toolchain-13.2.Rel1-x86_64-arm-none-eabi/bin/../lib/gcc/arm-none-eabi/13.2.1/../../../../arm-none-eabi/lib/thumb/v8-m.base/nofp/crt0.o (exit)
/home/maldus/Local/renesas/e2_studio/toolchains/gcc_arm/13_2-Rel1/arm-gnu-toolchain-13.2.Rel1-x86_64-arm-none-eabi/bin/../lib/gcc/arm-none-eabi/13.2.1/../../../../arm-none-eabi/lib/thumb/v8-m.base/nofp/libg_nano.a(libc_a-init.o)
                              /home/maldus/Local/renesas/e2_studio/toolchains/gcc_arm/13_2-Rel1/arm-gnu-toolchain-13.2.Rel1-x86_64-arm-none-eabi/bin/../lib/gcc/arm-none-eabi/13.2.1/../../../../arm-none-eabi/lib/thumb/v8-m.base/nofp/crt0.o (__libc_init_array)
/home/maldus/Local/renesas/e2_studio/toolchains/gcc_arm/13_2-Rel1/arm-gnu-toolchain-13.2.Rel1-x86_64-arm-none-eabi/bin/../lib/gcc/arm-none-eabi/13.2.1/../../../../arm-none-eabi/lib/thumb/v8-m.base/nofp/libg_nano.a(libc_a-memcpy-stub.o)
                              ./src/bsp/rs232.o (memcpy)
/home/maldus/Local/renesas/e2_studio/toolchains/gcc_arm/13_2-Rel1/arm-gnu-toolchain-13.2.Rel1-x86_64-arm-none-eabi/bin/../lib/gcc/arm-none-eabi/13.2.1/../../../../arm-none-eabi/lib/thumb/v8-m.base/nofp/libg_nano.a(libc_a-malloc.o)
                              ./src/controller/observer.o (free)
/home/maldus/Local/renesas/e2_studio/toolchains/gcc_arm/13_2-Rel1/arm-gnu-toolchain-13.2.Rel1-x86_64-arm-none-eabi/bin/../lib/gcc/arm-none-eabi/13.2.1/../../../../arm-none-eabi/lib/thumb/v8-m.base/nofp/libg_nano.a(libc_a-mallocr.o)
                              /home/maldus/Local/renesas/e2_studio/toolchains/gcc_arm/13_2-Rel1/arm-gnu-toolchain-13.2.Rel1-x86_64-arm-none-eabi/bin/../lib/gcc/arm-none-eabi/13.2.1/../../../../arm-none-eabi/lib/thumb/v8-m.base/nofp/libg_nano.a(libc_a-malloc.o) (_malloc_r)
[...]
Memory Configuration

Name             Origin             Length             Attributes
ITCM             0x00000000         0x00000000         xr
DTCM             0x00000000         0x00000000         xrw
FLASH            0x00000000         0x00040000         xr
RAM              0x20000000         0x00008000         xrw
DATA_FLASH       0x40100000         0x00002000         xr
QSPI_FLASH       0x60000000         0x00000000         xr
OSPI_DEVICE_0    0x80020000         0x00000000         xr
OSPI_DEVICE_1    0x80030000         0x00000000         xr
OSPI_DEVICE_0_RAM 0x80020000         0x00000000         xrw
OSPI_DEVICE_1_RAM 0x80030000         0x00000000         xrw
SDRAM            0x80010000         0x00000000         xrw
OPTION_SETTING   0x00000000         0x00000000         r
OPTION_SETTING_OFS 0x00000000         0x00000018         r
OPTION_SETTING_SAS 0x00000034         0x00000000         r
OPTION_SETTING_S 0x80000000         0x00000000         r
ID_CODE          0x01010018         0x00000020         xr
*default*        0x00000000         0xffffffff

Linker script and memory map

LOAD /home/maldus/Local/renesas/e2_studio/toolchains/gcc_arm/13_2-Rel1/arm-gnu-toolchain-13.2.Rel1-x86_64-arm-none-eabi/bin/../lib/gcc/arm-none-eabi/13.2.1/thumb/v8-m.base/nofp/crti.o
LOAD /home/maldus/Local/renesas/e2_studio/toolchains/gcc_arm/13_2-Rel1/arm-gnu-toolchain-13.2.Rel1-x86_64-arm-none-eabi/bin/../lib/gcc/arm-none-eabi/13.2.1/thumb/v8-m.base/nofp/crtbegin.o
LOAD /home/maldus/Local/renesas/e2_studio/toolchains/gcc_arm/13_2-Rel1/arm-gnu-toolchain-13.2.Rel1-x86_64-arm-none-eabi/bin/../lib/gcc/arm-none-eabi/13.2.1/../../../../arm-none-eabi/lib/thumb/v8-m.base/nofp/crt0.o
START GROUP
LOAD ./src/model/model.o
LOAD ./src/controller/controller.o
LOAD ./src/controller/observer.o
LOAD ./src/bsp/adc.o
LOAD ./src/bsp/heartbit.o
LOAD ./src/bsp/input.o
LOAD ./src/bsp/pwm.o
LOAD ./src/bsp/relay.o
LOAD ./src/bsp/rs232.o
LOAD ./src/bsp/system.o
LOAD ./src/adapters/modbus_server.o
LOAD ./src/hal_entry.o
LOAD ./ra_gen/common_data.o
LOAD ./ra_gen/hal_data.o
LOAD ./ra_gen/main.o
LOAD ./ra_gen/pin_data.o
LOAD ./ra_gen/vector_data.o
LOAD ./ra/fsp/src/r_sci_uart/r_sci_uart.o
LOAD ./ra/fsp/src/r_ioport/r_ioport.o
LOAD ./ra/fsp/src/r_gpt/r_gpt.o
LOAD ./ra/fsp/src/r_adc/r_adc.o
LOAD ./ra/fsp/src/bsp/mcu/ra2l1/bsp_power.o
LOAD ./ra/fsp/src/bsp/mcu/all/bsp_clocks.o
LOAD ./ra/fsp/src/bsp/mcu/all/bsp_common.o
LOAD ./ra/fsp/src/bsp/mcu/all/bsp_delay.o
LOAD ./ra/fsp/src/bsp/mcu/all/bsp_group_irq.o
LOAD ./ra/fsp/src/bsp/mcu/all/bsp_guard.o
LOAD ./ra/fsp/src/bsp/mcu/all/bsp_io.o
LOAD ./ra/fsp/src/bsp/mcu/all/bsp_irq.o
LOAD ./ra/fsp/src/bsp/mcu/all/bsp_macl.o
LOAD ./ra/fsp/src/bsp/mcu/all/bsp_register_protection.o
LOAD ./ra/fsp/src/bsp/mcu/all/bsp_rom_registers.o
LOAD ./ra/fsp/src/bsp/mcu/all/bsp_sbrk.o
LOAD ./ra/fsp/src/bsp/mcu/all/bsp_sdram.o
LOAD ./ra/fsp/src/bsp/mcu/all/bsp_security.o
LOAD ./ra/fsp/src/bsp/cmsis/Device/RENESAS/Source/startup.o
LOAD ./ra/fsp/src/bsp/cmsis/Device/RENESAS/Source/system.o
LOAD ./libs/c-watcher/src/watcher.o
LOAD ./libs/c-debounce/src/debounce.o
LOAD ./libs/c-debounce/src/keypad.o
LOAD ./libs/c-debounce/src/pulsecounter.o
END GROUP
START GROUP
LOAD /home/maldus/Local/renesas/e2_studio/toolchains/gcc_arm/13_2-Rel1/arm-gnu-toolchain-13.2.Rel1-x86_64-arm-none-eabi/bin/../lib/gcc/arm-none-eabi/13.2.1/thumb/v8-m.base/nofp/libgcc.a
LOAD /home/maldus/Local/renesas/e2_studio/toolchains/gcc_arm/13_2-Rel1/arm-gnu-toolchain-13.2.Rel1-x86_64-arm-none-eabi/bin/../lib/gcc/arm-none-eabi/13.2.1/../../../../arm-none-eabi/lib/thumb/v8-m.base/nofp/libg_nano.a
LOAD /home/maldus/Local/renesas/e2_studio/toolchains/gcc_arm/13_2-Rel1/arm-gnu-toolchain-13.2.Rel1-x86_64-arm-none-eabi/bin/../lib/gcc/arm-none-eabi/13.2.1/../../../../arm-none-eabi/lib/thumb/v8-m.base/nofp/libc_nano.a
END GROUP
START GROUP
LOAD /home/maldus/Local/renesas/e2_studio/toolchains/gcc_arm/13_2-Rel1/arm-gnu-toolchain-13.2.Rel1-x86_64-arm-none-eabi/bin/../lib/gcc/arm-none-eabi/13.2.1/thumb/v8-m.base/nofp/libgcc.a
LOAD /home/maldus/Local/renesas/e2_studio/toolchains/gcc_arm/13_2-Rel1/arm-gnu-toolchain-13.2.Rel1-x86_64-arm-none-eabi/bin/../lib/gcc/arm-none-eabi/13.2.1/../../../../arm-none-eabi/lib/thumb/v8-m.base/nofp/libc_nano.a
END GROUP
LOAD /home/maldus/Local/renesas/e2_studio/toolchains/gcc_arm/13_2-Rel1/arm-gnu-toolchain-13.2.Rel1-x86_64-arm-none-eabi/bin/../lib/gcc/arm-none-eabi/13.2.1/thumb/v8-m.base/nofp/crtend.o
LOAD /home/maldus/Local/renesas/e2_studio/toolchains/gcc_arm/13_2-Rel1/arm-gnu-toolchain-13.2.Rel1-x86_64-arm-none-eabi/bin/../lib/gcc/arm-none-eabi/13.2.1/thumb/v8-m.base/nofp/crtn.o
                0x20000000                        RAM_START = 0x20000000
                0x00008000                        RAM_LENGTH = 0x8000
                0x00000000                        FLASH_START = 0x0
                0x00040000                        FLASH_LENGTH = 0x40000
                0x40100000                        DATA_FLASH_START = 0x40100000
                0x00002000                        DATA_FLASH_LENGTH = 0x2000
                0x00000000                        OPTION_SETTING_START = 0x0
                0x00000000                        OPTION_SETTING_LENGTH = 0x0
                0x80000000                        OPTION_SETTING_S_START = 0x80000000
                0x00000000                        OPTION_SETTING_S_LENGTH = 0x0
                0x01010018                        ID_CODE_START = 0x1010018
                0x00000020                        ID_CODE_LENGTH = 0x20
                0x80010000                        SDRAM_START = 0x80010000
                0x00000000                        SDRAM_LENGTH = 0x0
                0x60000000                        QSPI_FLASH_START = 0x60000000
                0x00000000                        QSPI_FLASH_LENGTH = 0x0
                0x80020000                        OSPI_DEVICE_0_START = 0x80020000
                0x00000000                        OSPI_DEVICE_0_LENGTH = 0x0
                0x80030000                        OSPI_DEVICE_1_START = 0x80030000
                0x00000000                        OSPI_DEVICE_1_LENGTH = 0x0
                0x00000000                        QSPI_FLASH_PRV_LENGTH = DEFINED (QSPI_FLASH_SIZE)?ABSOLUTE (QSPI_FLASH_SIZE):ABSOLUTE (QSPI_FLASH_LENGTH)
                0x00000000                        OSPI_DEVICE_0_PRV_LENGTH = DEFINED (OSPI_DEVICE_0_SIZE)?ABSOLUTE (OSPI_DEVICE_0_SIZE):ABSOLUTE (OSPI_DEVICE_0_LENGTH)
                0x00000000                        OSPI_DEVICE_1_PRV_LENGTH = DEFINED (OSPI_DEVICE_1_SIZE)?ABSOLUTE (OSPI_DEVICE_1_SIZE):ABSOLUTE (OSPI_DEVICE_1_LENGTH)
                0x00000000                        __RESERVE_NS_RAM = ((! (DEFINED (PROJECT_NONSECURE)) && DEFINED (RAM_NS_BUFFER_LENGTH)) && (OPTION_SETTING_S_LENGTH != 0x0))
                0x00000000                        ITCM_START = DEFINED (ITCM_START)?ITCM_START:0x0
                0x00000000                        ITCM_LENGTH = DEFINED (ITCM_LENGTH)?ITCM_LENGTH:0x0
                0x00000000                        DTCM_START = DEFINED (DTCM_START)?DTCM_START:0x0
                0x00000000                        DTCM_LENGTH = DEFINED (DTCM_LENGTH)?DTCM_LENGTH:0x0
                0x00000000                        RAM_NS_BUFFER_BLOCK_LENGTH = DEFINED (RAM_NS_BUFFER_LENGTH)?ALIGN (RAM_NS_BUFFER_LENGTH, 0x2000):0x0
                0x00000000                        RAM_NS_BUFFER_LENGTH = DEFINED (RAM_NS_BUFFER_LENGTH)?RAM_NS_BUFFER_LENGTH:0x0
                0x20008000                        RAM_NS_BUFFER_START = ((RAM_START + RAM_LENGTH) - RAM_NS_BUFFER_LENGTH)
                0x20008000                        RAM_NS_BUFFER_BLOCK_START = ((RAM_START + RAM_LENGTH) - RAM_NS_BUFFER_BLOCK_LENGTH)
                0x00000080                        OPTION_SETTING_START_NS = DEFINED (PROJECT_NONSECURE)?OPTION_SETTING_START:(OPTION_SETTING_START + 0x80)
                0x00000001                        __bl_FSP_BOOTABLE_IMAGE = 0x1
                0x00000001                        __bln_FSP_BOOTABLE_IMAGE = 0x1
                0x00000000                        PROJECT_SECURE_OR_FLAT = (((! (DEFINED (PROJECT_NONSECURE)) || DEFINED (PROJECT_SECURE)) && OPTION_SETTING_LENGTH) && ! (DEFINED (FSP_BOOTABLE_IMAGE)))
                0x00000000                        USE_OPTION_SETTING_NS = (DEFINED (PROJECT_NONSECURE) && ! (DEFINED (FSP_BOOTABLE_IMAGE)))
                0x00000000                        __bl_FLASH_IMAGE_START = ! (DEFINED (FLASH_BOOTLOADER_LENGTH))?0x0:(FLASH_APPLICATION_IMAGE_NUMBER == 0x1)?((FLASH_START + FLASH_BOOTLOADER_LENGTH) + FLASH_BOOTLOADER_HEADER_LENGTH):(DEFINED (BOOTLOADER_SECONDARY_USE_QSPI) || DEFINED (BOOTLOADER_SECONDARY_USE_OSPI_B))?(((FLASH_START + FLASH_BOOTLOADER_LENGTH) + FLASH_BOOTLOADER_SCRATCH_LENGTH) + FLASH_BOOTLOADER_HEADER_LENGTH):((((FLASH_START + FLASH_BOOTLOADER_LENGTH) + FLASH_BOOTLOADER_SCRATCH_LENGTH) + FLASH_APPLICATION_S_LENGTH) + FLASH_BOOTLOADER_HEADER_LENGTH)
                0x00000000                        __bl_FLASH_IMAGE_LENGTH = ! (DEFINED (FLASH_BOOTLOADER_LENGTH))?0x0:(FLASH_APPLICATION_S_LENGTH - FLASH_BOOTLOADER_HEADER_LENGTH)
                0x00000000                        __bl_FLASH_IMAGE_END = (__bl_FLASH_IMAGE_START + __bl_FLASH_IMAGE_LENGTH)
                0x00000000                        __bl_XIP_SECONDARY_FLASH_IMAGE_START = ! (DEFINED (FLASH_BOOTLOADER_LENGTH))?0x0:((FLASH_BOOTLOADER_LENGTH + FLASH_APPLICATION_S_LENGTH) + FLASH_BOOTLOADER_HEADER_LENGTH)
                0x00000000                        __bl_XIP_SECONDARY_FLASH_IMAGE_END = (__bl_XIP_SECONDARY_FLASH_IMAGE_START + __bl_FLASH_IMAGE_LENGTH)
                0x00000000                        __bl_FLASH_NS_START = ! (DEFINED (FLASH_BOOTLOADER_LENGTH))?0x0:(FLASH_APPLICATION_NS_LENGTH == 0x0)?__bl_FLASH_IMAGE_END:((__bl_FLASH_IMAGE_START - FLASH_BOOTLOADER_HEADER_LENGTH) + FLASH_APPLICATION_S_LENGTH)
                0x00000000                        __bl_FLASH_NSC_START = ! (DEFINED (FLASH_BOOTLOADER_LENGTH))?0x0:(FLASH_APPLICATION_NS_LENGTH == 0x0)?__bl_FLASH_IMAGE_END:(__bl_FLASH_IMAGE_END - FLASH_APPLICATION_NSC_LENGTH)
                0x00000000                        __bl_RAM_NS_START = ! (DEFINED (FLASH_BOOTLOADER_LENGTH))?0x0:(FLASH_APPLICATION_NS_LENGTH == 0x0)?(RAM_START + RAM_LENGTH):((RAM_START + RAM_LENGTH) - RAM_APPLICATION_NS_LENGTH)
                0x00000000                        __bl_RAM_NSC_START = ! (DEFINED (FLASH_BOOTLOADER_LENGTH))?0x0:(FLASH_APPLICATION_NS_LENGTH == 0x0)?(RAM_START + RAM_LENGTH):(__bl_RAM_NS_START - RAM_APPLICATION_NSC_LENGTH)
                0x00000000                        __bl_FLASH_NS_IMAGE_START = ! (DEFINED (FLASH_BOOTLOADER_LENGTH))?0x0:(FLASH_APPLICATION_NS_LENGTH == 0x0)?__bl_FLASH_IMAGE_END:(__bl_FLASH_NS_START + FLASH_BOOTLOADER_HEADER_LENGTH_2)
                0x00000000                        __bln_FLASH_IMAGE_START = (__bl_FLASH_NS_IMAGE_START | ! (DEFINED (NS_OFFSET_START))?0x0:NS_OFFSET_START)
                0x00000000                        __bln_FLASH_IMAGE_LENGTH = ! (DEFINED (FLASH_BOOTLOADER_LENGTH))?0x0:(FLASH_APPLICATION_NS_LENGTH == 0x0)?__bl_FLASH_IMAGE_END:(FLASH_APPLICATION_NS_LENGTH - FLASH_BOOTLOADER_HEADER_LENGTH_2)
                0x00000000                        XIP_SECONDARY_SLOT_IMAGE = DEFINED (XIP_SECONDARY_SLOT_IMAGE)?XIP_SECONDARY_SLOT_IMAGE:0x0
                0x00000000                        FLASH_ORIGIN = ! (DEFINED (FLASH_IMAGE_START))?FLASH_START:(XIP_SECONDARY_SLOT_IMAGE == 0x1)?XIP_SECONDARY_FLASH_IMAGE_START:FLASH_IMAGE_START
                0x00040000                        LIMITED_FLASH_LENGTH = DEFINED (FLASH_IMAGE_LENGTH)?FLASH_IMAGE_LENGTH:DEFINED (FLASH_BOOTLOADER_LENGTH)?FLASH_BOOTLOADER_LENGTH:FLASH_LENGTH
                0x00000034                        OPTION_SETTING_SAS_SIZE = 0x34
                0x00000000                        OPTION_SETTING_SAS_LENGTH = ! (DEFINED (OPTION_SETTING_LENGTH))?0x0:(OPTION_SETTING_LENGTH == 0x0)?0x0:(OPTION_SETTING_LENGTH - OPTION_SETTING_SAS_SIZE)
START GROUP
LOAD /home/maldus/Local/renesas/e2_studio/toolchains/gcc_arm/13_2-Rel1/arm-gnu-toolchain-13.2.Rel1-x86_64-arm-none-eabi/bin/../lib/gcc/arm-none-eabi/13.2.1/thumb/v8-m.base/nofp/libgcc.a
LOAD /home/maldus/Local/renesas/e2_studio/toolchains/gcc_arm/13_2-Rel1/arm-gnu-toolchain-13.2.Rel1-x86_64-arm-none-eabi/bin/../lib/gcc/arm-none-eabi/13.2.1/../../../../arm-none-eabi/lib/thumb/v8-m.base/nofp/libc.a
LOAD /home/maldus/Local/renesas/e2_studio/toolchains/gcc_arm/13_2-Rel1/arm-gnu-toolchain-13.2.Rel1-x86_64-arm-none-eabi/bin/../lib/gcc/arm-none-eabi/13.2.1/../../../../arm-none-eabi/lib/thumb/v8-m.base/nofp/libm.a
END GROUP

.text           0x00000000     0x3a74
                0x00000000                        __tz_FLASH_S = ABSOLUTE (FLASH_START)
                0x00000000                        __ROM_Start = .
 *(.fixed_vectors*)
 .fixed_vectors
                0x00000000       0x40 ./ra/fsp/src/bsp/cmsis/Device/RENESAS/Source/startup.o
                0x00000000                __Vectors
 *(.application_vectors*)
 .application_vectors
                0x00000040       0x80 ./ra_gen/vector_data.o
                0x00000040                g_vector_table
                0x000000c0                        __Vectors_End = .
 *(.flash_gap*)
                0x00000400                        . = (OPTION_SETTING_LENGTH > 0x0)?.:(__ROM_Start + 0x400)
 *fill*         0x000000c0      0x340 ff
 *(.rom_registers*)
 .rom_registers
                0x00000400       0x3c ./ra/fsp/src/bsp/mcu/all/bsp_rom_registers.o
 *(.mcuboot_sce9_key*)
 *(.text*)
 .text.deregister_tm_clones
                0x0000043c       0x24 /home/maldus/Local/renesas/e2_studio/toolchains/gcc_arm/13_2-Rel1/arm-gnu-toolchain-13.2.Rel1-x86_64-arm-none-eabi/bin/../lib/gcc/arm-none-eabi/13.2.1/thumb/v8-m.base/nofp/crtbegin.o
 .text.register_tm_clones
                0x00000460       0x2c /home/maldus/Local/renesas/e2_studio/toolchains/gcc_arm/13_2-Rel1/arm-gnu-toolchain-13.2.Rel1-x86_64-arm-none-eabi/bin/../lib/gcc/arm-none-eabi/13.2.1/thumb/v8-m.base/nofp/crtbegin.o
 .text.__do_global_dtors_aux
                0x0000048c       0x30 /home/maldus/Local/renesas/e2_studio/toolchains/gcc_arm/13_2-Rel1/arm-gnu-toolchain-13.2.Rel1-x86_64-arm-none-eabi/bin/../lib/gcc/arm-none-eabi/13.2.1/thumb/v8-m.base/nofp/crtbegin.o
 .text.frame_dummy
                0x000004bc       0x28 /home/maldus/Local/renesas/e2_studio/toolchains/gcc_arm/13_2-Rel1/arm-gnu-toolchain-13.2.Rel1-x86_64-arm-none-eabi/bin/../lib/gcc/arm-none-eabi/13.2.1/thumb/v8-m.base/nofp/crtbegin.o
 .text.model_init
                0x000004e4        0xc ./src/model/model.o
                0x000004e4                model_init
 .text.model_get_pwm_percentage
                0x000004f0        0xc ./src/model/model.o
                0x000004f0                model_get_pwm_percentage
 .text.model_get_relay_map
                0x000004fc        0xc ./src/model/model.o
                0x000004fc                model_get_relay_map
 .text.controller_init
                0x00000508       0x14 ./src/controller/controller.o
                0x00000508                controller_init
 .text.controller_manage
                0x0000051c       0x48 ./src/controller/controller.o
                0x0000051c                controller_manage
 .text.update_relays
                0x00000564       0x28 ./src/controller/observer.o
 .text.update_pwm
                0x0000058c       0x18 ./src/controller/observer.o
 .text.observer_init
                0x000005a4       0x5c ./src/controller/observer.o
                0x000005a4                observer_init
 .text.observer_manage
                0x00000600       0x30 ./src/controller/observer.o
                0x00000600                observer_manage
 .text.bsp_adc_init
                0x00000630       0x6c ./src/bsp/adc.o
                0x00000630                bsp_adc_init
 .text.bsp_adc_get
                0x0000069c       0x30 ./src/bsp/adc.o
                0x0000069c                bsp_adc_get
 .text.bsp_adc_manage
                0x000006cc       0x30 ./src/bsp/adc.o
                0x000006cc                bsp_adc_manage
 .text.adc_sample_callback
                0x000006fc       0x98 ./src/bsp/adc.o
                0x000006fc                adc_sample_callback
 .text.bsp_heartbit_manage
                0x00000794       0x70 ./src/bsp/heartbit.o
                0x00000794                bsp_heartbit_manage
 .text.bsp_input_init
                0x00000804       0x10 ./src/bsp/input.o
                0x00000804                bsp_input_init
 .text.bsp_input_manage
                0x00000814       0xb0 ./src/bsp/input.o
                0x00000814                bsp_input_manage
 .text.bsp_input_map
                0x000008c4        0xc ./src/bsp/input.o
                0x000008c4                bsp_input_map
 .text.bsp_pwm_init
                0x000008d0       0x64 ./src/bsp/pwm.o
                0x000008d0                bsp_pwm_init
 .text.bsp_pwm_update
                0x00000934       0x54 ./src/bsp/pwm.o
                0x00000934                bsp_pwm_update
 .text.bsp_relay_update
                0x00000988       0x3c ./src/bsp/relay.o
                0x00000988                bsp_relay_update
 .text.bsp_rs232_init
                0x000009c4       0x14 ./src/bsp/rs232.o
                0x000009c4                bsp_rs232_init
 .text.bsp_rs232_write
                0x000009d8       0x1c ./src/bsp/rs232.o
                0x000009d8                bsp_rs232_write
 .text.bsp_rs232_read
                0x000009f4       0x24 ./src/bsp/rs232.o
                0x000009f4                bsp_rs232_read
 .text.bsp_rs232_flush
                0x00000a18       0x10 ./src/bsp/rs232.o
                0x00000a18                bsp_rs232_flush
 .text.rs232_callback
                0x00000a28       0x48 ./src/bsp/rs232.o
                0x00000a28                rs232_callback
 .text.bsp_rs232_timed_out
                0x00000a70       0x1c ./src/bsp/rs232.o
                0x00000a70                bsp_rs232_timed_out
 .text.SysTick_Handler
                0x00000a8c       0x10 ./src/bsp/system.o
                0x00000a8c                SysTick_Handler
 .text.bsp_system_init
                0x00000a9c       0x58 ./src/bsp/system.o
                0x00000a9c                bsp_system_init
 .text.bsp_system_get_millis
                0x00000af4        0xc ./src/bsp/system.o
                0x00000af4                bsp_system_get_millis
 .text.static_allocator
                0x00000b00       0x28 ./src/adapters/modbus_server.o
 .text.register_callback
                0x00000b28       0xb4 ./src/adapters/modbus_server.o
 .text.exception_callback
                0x00000bdc        0x4 ./src/adapters/modbus_server.o
 .text.modbusBufferAllocateADU
                0x00000be0       0x34 ./src/adapters/modbus_server.o
                0x00000be0                modbusBufferAllocateADU
 .text.modbusBuildException
                0x00000c14       0x4c ./src/adapters/modbus_server.o
                0x00000c14                modbusBuildException
 .text.modbusParseRequest01020304
                0x00000c60      0x1a8 ./src/adapters/modbus_server.o
                0x00000c60                modbusParseRequest01020304
 .text.modbusParseRequest1516
                0x00000e08      0x1c4 ./src/adapters/modbus_server.o
                0x00000e08                modbusParseRequest1516
 .text.modbusParseRequest
                0x00000fcc       0x34 ./src/adapters/modbus_server.o
                0x00000fcc                modbusParseRequest
 .text.modbusParseRequestRTU
                0x00001000      0x118 ./src/adapters/modbus_server.o
                0x00001000                modbusParseRequestRTU
 .text.modbus_server_init
                0x00001118       0x40 ./src/adapters/modbus_server.o
                0x00001118                modbus_server_init
 .text.modbus_server_manage
                0x00001158       0x60 ./src/adapters/modbus_server.o
                0x00001158                modbus_server_manage
 .text.hal_entry
                0x000011b8       0x40 ./src/hal_entry.o
                0x000011b8                hal_entry
 .text.R_BSP_WarmStart
                0x000011f8       0x30 ./src/hal_entry.o
                0x000011f8                R_BSP_WarmStart
 .text.startup.main
                0x00001228        0xc ./ra_gen/main.o
                0x00001228                main
 .text.R_SCI_UART_Read
                0x00001234        0x8 ./ra/fsp/src/r_sci_uart/r_sci_uart.o
                0x00001234                R_SCI_UART_Read
 .text.R_SCI_UART_Write
                0x0000123c       0x48 ./ra/fsp/src/r_sci_uart/r_sci_uart.o
                0x0000123c                R_SCI_UART_Write
 .text.R_SCI_UART_CallbackSet
                0x00001284        0xc ./ra/fsp/src/r_sci_uart/r_sci_uart.o
                0x00001284                R_SCI_UART_CallbackSet
 .text.R_SCI_UART_BaudSet
                0x00001290       0x44 ./ra/fsp/src/r_sci_uart/r_sci_uart.o
                0x00001290                R_SCI_UART_BaudSet
 .text.R_SCI_UART_InfoGet
                0x000012d4        0xc ./ra/fsp/src/r_sci_uart/r_sci_uart.o
                0x000012d4                R_SCI_UART_InfoGet
 .text.R_SCI_UART_Abort
                0x000012e0       0x28 ./ra/fsp/src/r_sci_uart/r_sci_uart.o
                0x000012e0                R_SCI_UART_Abort
 .text.R_SCI_UART_ReadStop
                0x00001308        0xc ./ra/fsp/src/r_sci_uart/r_sci_uart.o
                0x00001308                R_SCI_UART_ReadStop
 .text.r_sci_uart_call_callback
                0x00001314       0x50 ./ra/fsp/src/r_sci_uart/r_sci_uart.o
 .text.R_SCI_UART_Close
                0x00001364       0x60 ./ra/fsp/src/r_sci_uart/r_sci_uart.o
                0x00001364                R_SCI_UART_Close
 .text.R_SCI_UART_Open
                0x000013c4      0x228 ./ra/fsp/src/r_sci_uart/r_sci_uart.o
                0x000013c4                R_SCI_UART_Open
 .text.sci_uart_txi_isr
                0x000015ec       0x84 ./ra/fsp/src/r_sci_uart/r_sci_uart.o
                0x000015ec                sci_uart_txi_isr
 .text.sci_uart_rxi_isr
                0x00001670       0x8c ./ra/fsp/src/r_sci_uart/r_sci_uart.o
                0x00001670                sci_uart_rxi_isr
 .text.sci_uart_tei_isr
                0x000016fc       0x34 ./ra/fsp/src/r_sci_uart/r_sci_uart.o
                0x000016fc                sci_uart_tei_isr
 .text.sci_uart_eri_isr
                0x00001730       0x60 ./ra/fsp/src/r_sci_uart/r_sci_uart.o
                0x00001730                sci_uart_eri_isr
 .text.R_IOPORT_Close
                0x00001790        0x8 ./ra/fsp/src/r_ioport/r_ioport.o
                0x00001790                R_IOPORT_Close
 .text.R_IOPORT_PinRead
                0x00001798       0x24 ./ra/fsp/src/r_ioport/r_ioport.o
                0x00001798                R_IOPORT_PinRead
 .text.R_IOPORT_PortRead
                0x000017bc       0x18 ./ra/fsp/src/r_ioport/r_ioport.o
                0x000017bc                R_IOPORT_PortRead
 .text.R_IOPORT_PortWrite
                0x000017d4       0x20 ./ra/fsp/src/r_ioport/r_ioport.o
                0x000017d4                R_IOPORT_PortWrite
 .text.R_IOPORT_PinWrite
                0x000017f4       0x28 ./ra/fsp/src/r_ioport/r_ioport.o
                0x000017f4                R_IOPORT_PinWrite
 .text.R_IOPORT_PortDirectionSet
                0x0000181c       0x24 ./ra/fsp/src/r_ioport/r_ioport.o
                0x0000181c                R_IOPORT_PortDirectionSet
 .text.R_IOPORT_PortEventInputRead
                0x00001840       0x18 ./ra/fsp/src/r_ioport/r_ioport.o
                0x00001840                R_IOPORT_PortEventInputRead
 .text.R_IOPORT_PinEventInputRead
                0x00001858       0x2c ./ra/fsp/src/r_ioport/r_ioport.o
                0x00001858                R_IOPORT_PinEventInputRead
 .text.R_IOPORT_PortEventOutputWrite
                0x00001884       0x20 ./ra/fsp/src/r_ioport/r_ioport.o
                0x00001884                R_IOPORT_PortEventOutputWrite
 .text.R_IOPORT_PinEventOutputWrite
                0x000018a4       0x30 ./ra/fsp/src/r_ioport/r_ioport.o
                0x000018a4                R_IOPORT_PinEventOutputWrite
 .text.r_ioport_pins_config
                0x000018d4       0xdc ./ra/fsp/src/r_ioport/r_ioport.o
 .text.R_IOPORT_Open
                0x000019b0       0x18 ./ra/fsp/src/r_ioport/r_ioport.o
                0x000019b0                R_IOPORT_Open
 .text.R_IOPORT_PinsCfg
                0x000019c8        0xc ./ra/fsp/src/r_ioport/r_ioport.o
                0x000019c8                R_IOPORT_PinsCfg
 .text.R_IOPORT_PinCfg
                0x000019d4       0x94 ./ra/fsp/src/r_ioport/r_ioport.o
                0x000019d4                R_IOPORT_PinCfg
 .text.R_GPT_Start
                0x00001a68        0xc ./ra/fsp/src/r_gpt/r_gpt.o
                0x00001a68                R_GPT_Start
 .text.r_gpt_enable_irq
                0x00001a74        0xc ./ra/fsp/src/r_gpt/r_gpt.o
 .text.R_GPT_InfoGet
                0x00001a80       0x44 ./ra/fsp/src/r_gpt/r_gpt.o
                0x00001a80                R_GPT_InfoGet
 .text.gpt_calculate_duty_cycle.isra.0
                0x00001ac4       0x60 ./ra/fsp/src/r_gpt/r_gpt.o
 .text.R_GPT_DutyCycleSet
                0x00001b24      0x114 ./ra/fsp/src/r_gpt/r_gpt.o
                0x00001b24                R_GPT_DutyCycleSet
 .text.R_GPT_Open
                0x00001c38      0x2a8 ./ra/fsp/src/r_gpt/r_gpt.o
                0x00001c38                R_GPT_Open
 .text.R_ADC_ScanStart
                0x00001ee0        0xc ./ra/fsp/src/r_adc/r_adc.o
                0x00001ee0                R_ADC_ScanStart
 .text.R_ADC_Read
                0x00001eec       0x10 ./ra/fsp/src/r_adc/r_adc.o
                0x00001eec                R_ADC_Read
 .text.r_adc_call_callback
                0x00001efc       0x3c ./ra/fsp/src/r_adc/r_adc.o
 .text.R_ADC_ScanCfg
                0x00001f38      0x230 ./ra/fsp/src/r_adc/r_adc.o
                0x00001f38                R_ADC_ScanCfg
 .text.r_adc_scan_end_common_isr
                0x00002168       0x4c ./ra/fsp/src/r_adc/r_adc.o
 .text.R_ADC_Open
                0x000021b4      0x17c ./ra/fsp/src/r_adc/r_adc.o
                0x000021b4                R_ADC_Open
 .text.adc_scan_end_isr
                0x00002330        0xc ./ra/fsp/src/r_adc/r_adc.o
                0x00002330                adc_scan_end_isr
 .text.SystemCoreClockUpdate
                0x0000233c       0x2c ./ra/fsp/src/bsp/mcu/all/bsp_clocks.o
                0x0000233c                SystemCoreClockUpdate
 .text.bsp_clock_init
                0x00002368      0x11c ./ra/fsp/src/bsp/mcu/all/bsp_clocks.o
                0x00002368                bsp_clock_init
 .text.R_BSP_Init_RTC
                0x00002484       0x10 ./ra/fsp/src/bsp/mcu/all/bsp_clocks.o
                0x00002484                R_BSP_Init_RTC
 .text.bsp_init_internal
                0x00002494        0x4 ./ra/fsp/src/bsp/mcu/all/bsp_common.o
                0x00002494                bsp_init
                0x00002494                bsp_init_internal
 .text.__assert_func
                0x00002498        0x4 ./ra/fsp/src/bsp/mcu/all/bsp_common.o
                0x00002498                __assert_func
 .text.bsp_prv_software_delay_loop
                0x0000249c        0x8 ./ra/fsp/src/bsp/mcu/all/bsp_delay.o
                0x0000249c                bsp_prv_software_delay_loop
 .text.R_BSP_SoftwareDelay
                0x000024a4       0x5c ./ra/fsp/src/bsp/mcu/all/bsp_delay.o
                0x000024a4                R_BSP_SoftwareDelay
 .text.NMI_Handler
                0x00002500       0x50 ./ra/fsp/src/bsp/mcu/all/bsp_group_irq.o
                0x00002500                NMI_Handler
 .text.R_BSP_IrqStatusClear
                0x00002550       0x1c ./ra/fsp/src/bsp/mcu/all/bsp_irq.o
                0x00002550                R_BSP_IrqStatusClear
 .text.R_BSP_IrqCfg
                0x0000256c       0x4c ./ra/fsp/src/bsp/mcu/all/bsp_irq.o
                0x0000256c                R_BSP_IrqCfg
 .text.R_BSP_IrqEnable
                0x000025b8       0x44 ./ra/fsp/src/bsp/mcu/all/bsp_irq.o
                0x000025b8                R_BSP_IrqEnable
 .text.R_BSP_IrqDisable
                0x000025fc       0x24 ./ra/fsp/src/bsp/mcu/all/bsp_irq.o
                0x000025fc                R_BSP_IrqDisable
 .text.R_BSP_IrqCfgEnable
                0x00002620       0x8c ./ra/fsp/src/bsp/mcu/all/bsp_irq.o
                0x00002620                R_BSP_IrqCfgEnable
 .text.bsp_irq_cfg
                0x000026ac       0x28 ./ra/fsp/src/bsp/mcu/all/bsp_irq.o
                0x000026ac                bsp_irq_cfg
 .text.R_BSP_RegisterProtectEnable
                0x000026d4       0x54 ./ra/fsp/src/bsp/mcu/all/bsp_register_protection.o
                0x000026d4                R_BSP_RegisterProtectEnable
 .text.R_BSP_RegisterProtectDisable
                0x00002728       0x4c ./ra/fsp/src/bsp/mcu/all/bsp_register_protection.o
                0x00002728                R_BSP_RegisterProtectDisable
 .text._sbrk    0x00002774       0x44 ./ra/fsp/src/bsp/mcu/all/bsp_sbrk.o
                0x00002774                _sbrk
 .text.Default_Handler
                0x000027b8        0x4 ./ra/fsp/src/bsp/cmsis/Device/RENESAS/Source/startup.o
                0x000027b8                DebugMon_Handler
                0x000027b8                HardFault_Handler
                0x000027b8                PendSV_Handler
                0x000027b8                UsageFault_Handler
                0x000027b8                SecureFault_Handler
                0x000027b8                Default_Handler
                0x000027b8                MemManage_Handler
                0x000027b8                SVC_Handler
                0x000027b8                BusFault_Handler
 .text.Reset_Handler
                0x000027bc        0xc ./ra/fsp/src/bsp/cmsis/Device/RENESAS/Source/startup.o
                0x000027bc                Reset_Handler
 .text.SystemInit
                0x000027c8      0x144 ./ra/fsp/src/bsp/cmsis/Device/RENESAS/Source/system.o
                0x000027c8                SystemInit
 .text.debouncer_callback
                0x0000290c       0x14 ./libs/c-watcher/src/watcher.o
 .text.add_callback.constprop.0
                0x00002920       0x90 ./libs/c-watcher/src/watcher.o
 .text.add_arg.constprop.0
                0x000029b0       0x90 ./libs/c-watcher/src/watcher.o
 .text.add_entry_static
                0x00002a40      0x25c ./libs/c-watcher/src/watcher.o
 .text.watcher_init
                0x00002c9c       0x28 ./libs/c-watcher/src/watcher.o
                0x00002c9c                watcher_init
 .text.watcher_add_entry
                0x00002cc4       0x3c ./libs/c-watcher/src/watcher.o
                0x00002cc4                watcher_add_entry
 .text.watcher_trigger_entry
                0x00002d00       0x8c ./libs/c-watcher/src/watcher.o
                0x00002d00                watcher_trigger_entry
 .text.watcher_watch
                0x00002d8c      0x124 ./libs/c-watcher/src/watcher.o
                0x00002d8c                watcher_watch
 .text.debounce_filter_init
                0x00002eb0       0x18 ./libs/c-debounce/src/debounce.o
                0x00002eb0                debounce_filter_init
 .text.debounce_filter
                0x00002ec8       0x88 ./libs/c-debounce/src/debounce.o
                0x00002ec8                debounce_filter
 .text          0x00002f50       0x3c /home/maldus/Local/renesas/e2_studio/toolchains/gcc_arm/13_2-Rel1/arm-gnu-toolchain-13.2.Rel1-x86_64-arm-none-eabi/bin/../lib/gcc/arm-none-eabi/13.2.1/thumb/v8-m.base/nofp/libgcc.a(_clzsi2.o)
                0x00002f50                __clzsi2
 .text          0x00002f8c       0x40 /home/maldus/Local/renesas/e2_studio/toolchains/gcc_arm/13_2-Rel1/arm-gnu-toolchain-13.2.Rel1-x86_64-arm-none-eabi/bin/../lib/gcc/arm-none-eabi/13.2.1/thumb/v8-m.base/nofp/libgcc.a(_aeabi_uldivmod.o)
                0x00002f8c                __aeabi_uldivmod
 .text.__muldi3
                0x00002fcc       0x5c /home/maldus/Local/renesas/e2_studio/toolchains/gcc_arm/13_2-Rel1/arm-gnu-toolchain-13.2.Rel1-x86_64-arm-none-eabi/bin/../lib/gcc/arm-none-eabi/13.2.1/thumb/v8-m.base/nofp/libgcc.a(_muldi3.o)
                0x00002fcc                __aeabi_lmul
                0x00002fcc                __muldi3
 .text.__udivmoddi4
                0x00003028      0x390 /home/maldus/Local/renesas/e2_studio/toolchains/gcc_arm/13_2-Rel1/arm-gnu-toolchain-13.2.Rel1-x86_64-arm-none-eabi/bin/../lib/gcc/arm-none-eabi/13.2.1/thumb/v8-m.base/nofp/libgcc.a(_udivmoddi4.o)
                0x00003028                __udivmoddi4
 .text          0x000033b8        0x4 /home/maldus/Local/renesas/e2_studio/toolchains/gcc_arm/13_2-Rel1/arm-gnu-toolchain-13.2.Rel1-x86_64-arm-none-eabi/bin/../lib/gcc/arm-none-eabi/13.2.1/thumb/v8-m.base/nofp/libgcc.a(_dvmd_tls.o)
                0x000033b8                __aeabi_ldiv0
                0x000033b8                __aeabi_idiv0
 .text.memcpy   0x000033bc       0x12 /home/maldus/Local/renesas/e2_studio/toolchains/gcc_arm/13_2-Rel1/arm-gnu-toolchain-13.2.Rel1-x86_64-arm-none-eabi/bin/../lib/gcc/arm-none-eabi/13.2.1/../../../../arm-none-eabi/lib/thumb/v8-m.base/nofp/libg_nano.a(libc_a-memcpy-stub.o)
                0x000033bc                memcpy
 *fill*         0x000033ce        0x2 ff
 .text.free     0x000033d0       0x14 /home/maldus/Local/renesas/e2_studio/toolchains/gcc_arm/13_2-Rel1/arm-gnu-toolchain-13.2.Rel1-x86_64-arm-none-eabi/bin/../lib/gcc/arm-none-eabi/13.2.1/../../../../arm-none-eabi/lib/thumb/v8-m.base/nofp/libg_nano.a(libc_a-malloc.o)
                0x000033d0                free
 .text.sbrk_aligned
                0x000033e4       0x44 /home/maldus/Local/renesas/e2_studio/toolchains/gcc_arm/13_2-Rel1/arm-gnu-toolchain-13.2.Rel1-x86_64-arm-none-eabi/bin/../lib/gcc/arm-none-eabi/13.2.1/../../../../arm-none-eabi/lib/thumb/v8-m.base/nofp/libg_nano.a(libc_a-mallocr.o)
 .text._malloc_r
                0x00003428      0x100 /home/maldus/Local/renesas/e2_studio/toolchains/gcc_arm/13_2-Rel1/arm-gnu-toolchain-13.2.Rel1-x86_64-arm-none-eabi/bin/../lib/gcc/arm-none-eabi/13.2.1/../../../../arm-none-eabi/lib/thumb/v8-m.base/nofp/libg_nano.a(libc_a-mallocr.o)
                0x00003428                _malloc_r
 .text.__malloc_lock
                0x00003528       0x10 /home/maldus/Local/renesas/e2_studio/toolchains/gcc_arm/13_2-Rel1/arm-gnu-toolchain-13.2.Rel1-x86_64-arm-none-eabi/bin/../lib/gcc/arm-none-eabi/13.2.1/../../../../arm-none-eabi/lib/thumb/v8-m.base/nofp/libg_nano.a(libc_a-mlock.o)
                0x00003528                __malloc_lock
 .text.__malloc_unlock
                0x00003538       0x10 /home/maldus/Local/renesas/e2_studio/toolchains/gcc_arm/13_2-Rel1/arm-gnu-toolchain-13.2.Rel1-x86_64-arm-none-eabi/bin/../lib/gcc/arm-none-eabi/13.2.1/../../../../arm-none-eabi/lib/thumb/v8-m.base/nofp/libg_nano.a(libc_a-mlock.o)
                0x00003538                __malloc_unlock
 .text.realloc  0x00003548       0x14 /home/maldus/Local/renesas/e2_studio/toolchains/gcc_arm/13_2-Rel1/arm-gnu-toolchain-13.2.Rel1-x86_64-arm-none-eabi/bin/../lib/gcc/arm-none-eabi/13.2.1/../../../../arm-none-eabi/lib/thumb/v8-m.base/nofp/libg_nano.a(libc_a-realloc.o)
                0x00003548                realloc
 .text._sbrk_r  0x0000355c       0x20 /home/maldus/Local/renesas/e2_studio/toolchains/gcc_arm/13_2-Rel1/arm-gnu-toolchain-13.2.Rel1-x86_64-arm-none-eabi/bin/../lib/gcc/arm-none-eabi/13.2.1/../../../../arm-none-eabi/lib/thumb/v8-m.base/nofp/libg_nano.a(libc_a-sbrkr.o)
                0x0000355c                _sbrk_r
 .text.__errno  0x0000357c        0xc /home/maldus/Local/renesas/e2_studio/toolchains/gcc_arm/13_2-Rel1/arm-gnu-toolchain-13.2.Rel1-x86_64-arm-none-eabi/bin/../lib/gcc/arm-none-eabi/13.2.1/../../../../arm-none-eabi/lib/thumb/v8-m.base/nofp/libg_nano.a(libc_a-errno.o)
                0x0000357c                __errno
 .text.memcmp   0x00003588       0x1c /home/maldus/Local/renesas/e2_studio/toolchains/gcc_arm/13_2-Rel1/arm-gnu-toolchain-13.2.Rel1-x86_64-arm-none-eabi/bin/../lib/gcc/arm-none-eabi/13.2.1/../../../../arm-none-eabi/lib/thumb/v8-m.base/nofp/libg_nano.a(libc_a-memcmp.o)
                0x00003588                memcmp
 .text.memset   0x000035a4       0x10 /home/maldus/Local/renesas/e2_studio/toolchains/gcc_arm/13_2-Rel1/arm-gnu-toolchain-13.2.Rel1-x86_64-arm-none-eabi/bin/../lib/gcc/arm-none-eabi/13.2.1/../../../../arm-none-eabi/lib/thumb/v8-m.base/nofp/libg_nano.a(libc_a-memset.o)
                0x000035a4                memset
 .text._realloc_r
                0x000035b4       0x5a /home/maldus/Local/renesas/e2_studio/toolchains/gcc_arm/13_2-Rel1/arm-gnu-toolchain-13.2.Rel1-x86_64-arm-none-eabi/bin/../lib/gcc/arm-none-eabi/13.2.1/../../../../arm-none-eabi/lib/thumb/v8-m.base/nofp/libg_nano.a(libc_a-reallocr.o)
                0x000035b4                _realloc_r
 *fill*         0x0000360e        0x2 ff
 .text._free_r  0x00003610       0x90 /home/maldus/Local/renesas/e2_studio/toolchains/gcc_arm/13_2-Rel1/arm-gnu-toolchain-13.2.Rel1-x86_64-arm-none-eabi/bin/../lib/gcc/arm-none-eabi/13.2.1/../../../../arm-none-eabi/lib/thumb/v8-m.base/nofp/libg_nano.a(libc_a-freer.o)
                0x00003610                _free_r
 .text.__retarget_lock_acquire_recursive
                0x000036a0        0x2 /home/maldus/Local/renesas/e2_studio/toolchains/gcc_arm/13_2-Rel1/arm-gnu-toolchain-13.2.Rel1-x86_64-arm-none-eabi/bin/../lib/gcc/arm-none-eabi/13.2.1/../../../../arm-none-eabi/lib/thumb/v8-m.base/nofp/libg_nano.a(libc_a-lock.o)
                0x000036a0                __retarget_lock_acquire_recursive
 .text.__retarget_lock_release_recursive
                0x000036a2        0x2 /home/maldus/Local/renesas/e2_studio/toolchains/gcc_arm/13_2-Rel1/arm-gnu-toolchain-13.2.Rel1-x86_64-arm-none-eabi/bin/../lib/gcc/arm-none-eabi/13.2.1/../../../../arm-none-eabi/lib/thumb/v8-m.base/nofp/libg_nano.a(libc_a-lock.o)
                0x000036a2                __retarget_lock_release_recursive
 .text._malloc_usable_size_r
                0x000036a4       0x10 /home/maldus/Local/renesas/e2_studio/toolchains/gcc_arm/13_2-Rel1/arm-gnu-toolchain-13.2.Rel1-x86_64-arm-none-eabi/bin/../lib/gcc/arm-none-eabi/13.2.1/../../../../arm-none-eabi/lib/thumb/v8-m.base/nofp/libg_nano.a(libc_a-msizer.o)
                0x000036a4                _malloc_usable_size_r
 *(.version)
 .version       0x000036b4       0x50 ./ra/fsp/src/bsp/mcu/all/bsp_common.o
 *(.init)
 .init          0x00003704        0x4 /home/maldus/Local/renesas/e2_studio/toolchains/gcc_arm/13_2-Rel1/arm-gnu-toolchain-13.2.Rel1-x86_64-arm-none-eabi/bin/../lib/gcc/arm-none-eabi/13.2.1/thumb/v8-m.base/nofp/crti.o
                0x00003704                _init
 .init          0x00003708        0x8 /home/maldus/Local/renesas/e2_studio/toolchains/gcc_arm/13_2-Rel1/arm-gnu-toolchain-13.2.Rel1-x86_64-arm-none-eabi/bin/../lib/gcc/arm-none-eabi/13.2.1/thumb/v8-m.base/nofp/crtn.o
 *(.fini)
 .fini          0x00003710        0x4 /home/maldus/Local/renesas/e2_studio/toolchains/gcc_arm/13_2-Rel1/arm-gnu-toolchain-13.2.Rel1-x86_64-arm-none-eabi/bin/../lib/gcc/arm-none-eabi/13.2.1/thumb/v8-m.base/nofp/crti.o
                0x00003710                _fini
 .fini          0x00003714        0x8 /home/maldus/Local/renesas/e2_studio/toolchains/gcc_arm/13_2-Rel1/arm-gnu-toolchain-13.2.Rel1-x86_64-arm-none-eabi/bin/../lib/gcc/arm-none-eabi/13.2.1/thumb/v8-m.base/nofp/crtn.o
 *crtbegin.o(.ctors)
 *crtbegin?.o(.ctors)
 *(EXCLUDE_FILE(*crtend.o *crtend?.o) .ctors)
 *(SORT_BY_NAME(.ctors.*))
 *(.ctors)
 *crtbegin.o(.dtors)
 *crtbegin?.o(.dtors)
 *(EXCLUDE_FILE(*crtend.o *crtend?.o) .dtors)
 *(SORT_BY_NAME(.dtors.*))
 *(.dtors)
 *(.rodata*)
 .rodata.bsp_adc_init.str1.4
                0x0000371c       0x4d ./src/bsp/adc.o
                                 0x25 (size before relaxing)
 *fill*         0x00003769        0x3 ff
 .rodata.__func__.1
                0x0000376c        0xd ./src/bsp/adc.o
 *fill*         0x00003779        0x3 ff
 .rodata        0x0000377c       0x18 ./src/bsp/input.o
 .rodata.bsp_pwm_init.str1.4
                0x00003794       0x25 ./src/bsp/pwm.o
 .rodata.__func__.0
                0x00003794        0xf ./src/bsp/pwm.o
 *fill*         0x000037a3        0x1 ff
 .rodata.__func__.1
                0x000037a4        0xd ./src/bsp/pwm.o
 *fill*         0x000037b1        0x3 ff
 .rodata        0x000037b4       0x20 ./src/bsp/relay.o
 .rodata.CSWTCH.71
                0x000037d4        0x4 ./src/adapters/modbus_server.o
 .rodata.CSWTCH.70
                0x000037d8        0x8 ./src/adapters/modbus_server.o
 .rodata.CSWTCH.69
                0x000037e0        0x4 ./src/adapters/modbus_server.o
 .rodata.g_ioport
                0x000037e4        0xc ./ra_gen/common_data.o
                0x000037e4                g_ioport
 .rodata.g_uart0
                0x000037f0        0xc ./ra_gen/hal_data.o
                0x000037f0                g_uart0
 .rodata.g_uart0_cfg
                0x000037fc       0x20 ./ra_gen/hal_data.o
                0x000037fc                g_uart0_cfg
 .rodata.g_uart0_cfg_extend
                0x0000381c       0x14 ./ra_gen/hal_data.o
                0x0000381c                g_uart0_cfg_extend
 .rodata.g_timer_pwm_cfg
                0x00003830       0x20 ./ra_gen/hal_data.o
                0x00003830                g_timer_pwm_cfg
 .rodata.g_timer_pwm_extend
                0x00003850       0x3c ./ra_gen/hal_data.o
                0x00003850                g_timer_pwm_extend
 .rodata.g_adc0_channel_cfg
                0x0000388c       0x14 ./ra_gen/hal_data.o
                0x0000388c                g_adc0_channel_cfg
 .rodata.g_adc0_cfg
                0x000038a0       0x18 ./ra_gen/hal_data.o
                0x000038a0                g_adc0_cfg
 .rodata.g_adc0_cfg_extend
                0x000038b8        0xb ./ra_gen/hal_data.o
                0x000038b8                g_adc0_cfg_extend
 *fill*         0x000038c3        0x1 ff
 .rodata.g_bsp_pin_cfg
                0x000038c4        0xc ./ra_gen/pin_data.o
                0x000038c4                g_bsp_pin_cfg
 .rodata.g_bsp_pin_cfg_data
                0x000038d0      0x120 ./ra_gen/pin_data.o
                0x000038d0                g_bsp_pin_cfg_data
 .rodata.g_interrupt_event_link_select
                0x000039f0       0x20 ./ra_gen/vector_data.o
                0x000039f0                g_interrupt_event_link_select
 .rodata.g_uart_on_sci
                0x00003a10       0x24 ./ra/fsp/src/r_sci_uart/r_sci_uart.o
                0x00003a10                g_uart_on_sci
 .rodata.g_ioport_on_ioport
                0x00003a34       0x34 ./ra/fsp/src/r_ioport/r_ioport.o
                0x00003a34                g_ioport_on_ioport
 .rodata.g_prcr_masks
                0x00003a68        0x8 ./ra/fsp/src/bsp/mcu/all/bsp_register_protection.o
                0x00003a70                        __usb_dev_descriptor_start_fs = .
 *(.usb_device_desc_fs*)
                0x00003a70                        __usb_cfg_descriptor_start_fs = .
 *(.usb_config_desc_fs*)
                0x00003a70                        __usb_interface_descriptor_start_fs = .
 *(.usb_interface_desc_fs*)
                0x00003a70                        __usb_descriptor_end_fs = .
                0x00003a70                        __usb_dev_descriptor_start_hs = .
 *(.usb_device_desc_hs*)
                0x00003a70                        __usb_cfg_descriptor_start_hs = .
 *(.usb_config_desc_hs*)
                0x00003a70                        __usb_interface_descriptor_start_hs = .
 *(.usb_interface_desc_hs*)
                0x00003a70                        __usb_descriptor_end_hs = .
 *(.eh_frame*)
 .eh_frame      0x00003a70        0x0 /home/maldus/Local/renesas/e2_studio/toolchains/gcc_arm/13_2-Rel1/arm-gnu-toolchain-13.2.Rel1-x86_64-arm-none-eabi/bin/../lib/gcc/arm-none-eabi/13.2.1/thumb/v8-m.base/nofp/crtbegin.o
 .eh_frame      0x00003a70        0x4 /home/maldus/Local/renesas/e2_studio/toolchains/gcc_arm/13_2-Rel1/arm-gnu-toolchain-13.2.Rel1-x86_64-arm-none-eabi/bin/../lib/gcc/arm-none-eabi/13.2.1/thumb/v8-m.base/nofp/crtend.o
                0x00003a74                        __ROM_End = .
                0x000000c0                        __Vectors_Size = (__Vectors_End - __Vectors)

.glue_7         0x00003a74        0x0
 .glue_7        0x00003a74        0x0 linker stubs

.glue_7t        0x00003a74        0x0
 .glue_7t       0x00003a74        0x0 linker stubs

.vfp11_veneer   0x00003a74        0x0
 .vfp11_veneer  0x00003a74        0x0 linker stubs

.v4_bx          0x00003a74        0x0
 .v4_bx         0x00003a74        0x0 linker stubs

.iplt           0x00003a74        0x0
 .iplt          0x00003a74        0x0 /home/maldus/Local/renesas/e2_studio/toolchains/gcc_arm/13_2-Rel1/arm-gnu-toolchain-13.2.Rel1-x86_64-arm-none-eabi/bin/../lib/gcc/arm-none-eabi/13.2.1/thumb/v8-m.base/nofp/crtbegin.o
                0x00003a74                        . = .
                0x00003a74                        __itcm_data_pre_location = .

.itcm_data      0x00000000        0x0 load address 0x00003a80
                0x00000000                        __tz_ITCM_S = ABSOLUTE (ITCM_START)
                0x00000000                        __itcm_data_start = .
 *(.itcm_data*)
                0x00000000                        . = ALIGN (0x8)
                0x00000000                        __itcm_data_end = .
                0x00000000                        __tz_ITCM_N = DEFINED (ITCM_NS_START)?ABSOLUTE (ITCM_NS_START):ALIGN (__itcm_data_end, 0x2000)
                0x00003a80                        __itcm_data_init_start = LOADADDR (.itcm_data)
                0x00003a80                        __itcm_data_init_end = (LOADADDR (.itcm_data) + SIZEOF (.itcm_data))
                0x00000001                        ASSERT (((ORIGIN (ITCM) % 0x8) == 0x0), ITCM memory region origin must be aligned to 8 bytes.)
                0x00000001                        ASSERT (((LENGTH (ITCM) % 0x8) == 0x0), ITCM memory region length must be a multiple of 8 bytes.)
                0x00000001                        ASSERT (((LOADADDR (.itcm_data) % 0x10) == 0x0), .itcm_data section must be aligned to 16 bytes.)
                0x00000001                        ASSERT (((SIZEOF (.itcm_data) % 0x8) == 0x0), .itcm_data section size must be a multiple of 8 bytes.)
                0x00003a74                        . = (SIZEOF (.itcm_data) > 0x0)?__itcm_data_init_end:__itcm_data_pre_location
                0x00003a74                        __exidx_start = .

/DISCARD/
 *(.ARM.extab* .gnu.linkonce.armextab.*)
 *(.ARM.exidx* .gnu.linkonce.armexidx.*)
                0x00003a74                        __exidx_end = .
                0x00003a74                        __etext = .
                0x20000000                        __tz_RAM_S = ORIGIN (RAM)

.fsp_dtc_vector_table
                0x20000000        0x0
                0x20000000                        . = ORIGIN (RAM)
 *(.fsp_dtc_vector_table)

.data           0x20000000       0x7c load address 0x00003a74
                0x20000000                        __data_start__ = .
                0x20000000                        . = ALIGN (0x4)
                0x20000000                        __Code_In_RAM_Start = .
 *(.code_in_ram*)
                0x20000000                        __Code_In_RAM_End = .
 *(vtable)
 *(.data.*)
 .data.modbusSlaveDefaultFunctions
                0x20000000       0x20 ./src/adapters/modbus_server.o
                0x20000000                modbusSlaveDefaultFunctions
 .data.g_uart0_baud_setting
                0x20000020        0x4 ./ra_gen/hal_data.o
                0x20000020                g_uart0_baud_setting
 .data._impure_ptr
                0x20000024        0x4 /home/maldus/Local/renesas/e2_studio/toolchains/gcc_arm/13_2-Rel1/arm-gnu-toolchain-13.2.Rel1-x86_64-arm-none-eabi/bin/../lib/gcc/arm-none-eabi/13.2.1/../../../../arm-none-eabi/lib/thumb/v8-m.base/nofp/libg_nano.a(libc_a-impure.o)
                0x20000024                _impure_ptr
 .data._impure_data
                0x20000028       0x4c /home/maldus/Local/renesas/e2_studio/toolchains/gcc_arm/13_2-Rel1/arm-gnu-toolchain-13.2.Rel1-x86_64-arm-none-eabi/bin/../lib/gcc/arm-none-eabi/13.2.1/../../../../arm-none-eabi/lib/thumb/v8-m.base/nofp/libg_nano.a(libc_a-impure.o)
                0x20000028                _impure_data
 *(.data)
                0x20000074                        . = ALIGN (0x4)
                0x20000074                        PROVIDE (__preinit_array_start = .)
 *(.preinit_array)
                0x20000074                        PROVIDE (__preinit_array_end = .)
                0x20000074                        . = ALIGN (0x4)
                0x20000074                        PROVIDE (__init_array_start = .)
 *(SORT_BY_NAME(.init_array.*))
 *(.init_array)
 .init_array    0x20000074        0x4 /home/maldus/Local/renesas/e2_studio/toolchains/gcc_arm/13_2-Rel1/arm-gnu-toolchain-13.2.Rel1-x86_64-arm-none-eabi/bin/../lib/gcc/arm-none-eabi/13.2.1/thumb/v8-m.base/nofp/crtbegin.o
                0x20000078                        PROVIDE (__init_array_end = .)
                0x20000078                        . = ALIGN (0x4)
                [!provide]                        PROVIDE (__fini_array_start = .)
 *(SORT_BY_NAME(.fini_array.*))
 *(.fini_array)
 .fini_array    0x20000078        0x4 /home/maldus/Local/renesas/e2_studio/toolchains/gcc_arm/13_2-Rel1/arm-gnu-toolchain-13.2.Rel1-x86_64-arm-none-eabi/bin/../lib/gcc/arm-none-eabi/13.2.1/thumb/v8-m.base/nofp/crtbegin.o
                [!provide]                        PROVIDE (__fini_array_end = .)
 *(.jcr*)
                0x2000007c                        . = ALIGN (0x4)
                0x2000007c                        __data_end__ = .

.tm_clone_table
                0x2000007c        0x0 load address 0x00003af0
 .tm_clone_table
                0x2000007c        0x0 /home/maldus/Local/renesas/e2_studio/toolchains/gcc_arm/13_2-Rel1/arm-gnu-toolchain-13.2.Rel1-x86_64-arm-none-eabi/bin/../lib/gcc/arm-none-eabi/13.2.1/thumb/v8-m.base/nofp/crtbegin.o
 .tm_clone_table
                0x2000007c        0x0 /home/maldus/Local/renesas/e2_studio/toolchains/gcc_arm/13_2-Rel1/arm-gnu-toolchain-13.2.Rel1-x86_64-arm-none-eabi/bin/../lib/gcc/arm-none-eabi/13.2.1/thumb/v8-m.base/nofp/crtend.o

.igot.plt       0x2000007c        0x0 load address 0x00003af0
 .igot.plt      0x2000007c        0x0 /home/maldus/Local/renesas/e2_studio/toolchains/gcc_arm/13_2-Rel1/arm-gnu-toolchain-13.2.Rel1-x86_64-arm-none-eabi/bin/../lib/gcc/arm-none-eabi/13.2.1/thumb/v8-m.base/nofp/crtbegin.o
                0x2000007c                        . = .
                0x00003af0                        __dtcm_data_pre_location = (LOADADDR (.data) + SIZEOF (.data))

.dtcm_data      0x00000000        0x0 load address 0x00003af0
                0x00000000                        __tz_DTCM_S = ABSOLUTE (DTCM_START)
                0x00000000                        __dtcm_data_start = .
 *(.dtcm_data*)
                0x00000000                        . = ALIGN (0x8)
                0x00000000                        __dtcm_data_end = .
                0x00000000                        . = __dtcm_data_end

.dtcm_bss       0x00000000        0x0
                0x00000000                        __dtcm_bss_start = .
 *(.dtcm_bss*)
                0x00000000                        . = ALIGN (0x8)
                0x00000000                        __dtcm_bss_end = .
                0x00000000                        __tz_DTCM_N = DEFINED (DTCM_NS_START)?ABSOLUTE (DTCM_NS_START):ALIGN (__dtcm_bss_end, 0x2000)
                0x00003af0                        __dtcm_data_init_start = LOADADDR (.dtcm_data)
                0x00003af0                        __dtcm_data_init_end = (LOADADDR (.dtcm_data) + SIZEOF (.dtcm_data))
                0x00000001                        ASSERT (((ORIGIN (DTCM) % 0x8) == 0x0), DTCM memory region origin must be aligned to 8 bytes.)
                0x00000001                        ASSERT (((LENGTH (DTCM) % 0x8) == 0x0), DTCM memory region length must be a multiple of 8 bytes.)
                0x00000001                        ASSERT ((LOADADDR (.dtcm_bss) == ADDR (.dtcm_bss)), .dtcm_bss has (VMA != LMA) but should be NOLOAD (VMA == LMA).)
                0x00000001                        ASSERT (((LOADADDR (.dtcm_data) % 0x10) == 0x0), .dtcm_data section must be aligned to 16 bytes.)
                0x00000001                        ASSERT (((SIZEOF (.dtcm_data) % 0x8) == 0x0), .dtcm_data section size must be a multiple of 8 bytes.)
                0x00000001                        ASSERT (((LOADADDR (.dtcm_bss) % 0x8) == 0x0), .dtcm_bss section must be aligned to 8 bytes.)
                0x00000001                        ASSERT (((SIZEOF (.dtcm_bss) % 0x8) == 0x0), .dtcm_bss section size must be a multiple of 8 bytes.)
                0x00000001                        ASSERT ((__dtcm_bss_start == __dtcm_data_end), .dtcm_bss section is not adjacent to .dtcm_data section.)
                0x00003af0                        . = (SIZEOF (.dtcm_data) > 0x0)?__dtcm_data_init_end:__dtcm_data_pre_location
                0x00003af0                        sgstubs_pre_location = .
                0x00003c00                        SGSTUBS_LOC = (DEFINED (PROJECT_SECURE) && DEFINED (FLASH_NSC_START))?ABSOLUTE (FLASH_NSC_START):ALIGN (0x400)

.gnu.sgstubs    0x00003c00        0x0
                0x00003c00                        __tz_FLASH_C = DEFINED (FLASH_NSC_START)?ABSOLUTE (FLASH_NSC_START):__RESERVE_NS_RAM?ABSOLUTE ((FLASH_START + FLASH_LENGTH)):ALIGN (0x400)
                0x00003c00                        _start_sg = .
 *(.gnu.sgstubs*)
                0x00003c00                        . = ALIGN (0x20)
                0x00003c00                        _end_sg = .
                0x00008000                        __tz_FLASH_N = DEFINED (FLASH_NS_START)?ABSOLUTE (FLASH_NS_START):__RESERVE_NS_RAM?ABSOLUTE ((FLASH_START + FLASH_LENGTH)):(FLASH_LENGTH < 0x8000)?FLASH_LENGTH:ALIGN (0x8000)
                0x00008000                        FLASH_NS_IMAGE_START = DEFINED (FLASH_NS_IMAGE_START)?FLASH_NS_IMAGE_START:__tz_FLASH_N
                0x60000000                        __tz_QSPI_FLASH_S = ORIGIN (QSPI_FLASH)

.qspi_flash     0x60000000        0x0
                0x60000000                        __qspi_flash_start__ = .
 *(.qspi_flash*)
 *(.code_in_qspi*)
                0x60000000                        __qspi_flash_end__ = .
                0x00000000                        __qspi_flash_code_size__ = (__qspi_flash_end__ - __qspi_flash_start__)
                0x00003af0                        __qspi_flash_code_addr__ = sgstubs_pre_location

.qspi_non_retentive
                0x60000000        0x0 load address 0x00003af0
                0x60000000                        __qspi_non_retentive_start__ = .
 *(.qspi_non_retentive*)
                0x60000000                        __qspi_non_retentive_end__ = .
                0x00000000                        __qspi_non_retentive_size__ = (__qspi_non_retentive_end__ - __qspi_non_retentive_start__)
                0x04000000                        __qspi_region_max_size__ = 0x4000000
                0x60000000                        __qspi_region_start_address__ = __qspi_flash_start__
                0x64000000                        __qspi_region_end_address__ = (__qspi_flash_start__ + __qspi_region_max_size__)
                0x60000000                        __tz_QSPI_FLASH_N = __qspi_non_retentive_end__

.OSPI_DEVICE_0_NO_LOAD
                0x80020000        0x0
                0x80020000                        . = ALIGN (0x4)
                0x80020000                        __ospi_device_0_start__ = .
 *(.ospi_device_0_no_load*)
                0x80020000                        . = ALIGN (0x4)
                0x80020000                        __ospi_device_0_end__ = .

.OSPI_DEVICE_1_NO_LOAD
                0x80030000        0x0
                0x80030000                        . = ALIGN (0x4)
                0x80030000                        __ospi_device_1_start__ = .
 *(.ospi_device_1_no_load*)
                0x80030000                        . = ALIGN (0x4)
                0x80030000                        __ospi_device_1_end__ = .
                0x80020000                        __tz_OSPI_DEVICE_0_S = ORIGIN (OSPI_DEVICE_0)

.OSPI_DEVICE_0  0x80020000        0x0
                0x80020000                        __ospi_device_0_start__ = .
 *(.ospi_device_0*)
 *(.code_in_ospi_device_0*)
                0x80020000                        __ospi_device_0_end__ = .
                0x00000000                        __ospi_device_0_code_size__ = (__ospi_device_0_end__ - __ospi_device_0_start__)
                0x00003af0                        __ospi_device_0_code_addr__ = (sgstubs_pre_location + SIZEOF (.qspi_non_retentive))

.ospi_device_0_non_retentive
                0x80020000        0x0 load address 0x00003af0
                0x80020000                        __ospi_device_0_non_retentive_start__ = .
 *(.ospi_device_0_non_retentive*)
                0x80020000                        __ospi_device_0_non_retentive_end__ = .
                0x00000000                        __ospi_device_0_non_retentive_size__ = (__ospi_device_0_non_retentive_end__ - __ospi_device_0_non_retentive_start__)
                0x08000000                        __ospi_device_0_region_max_size__ = 0x8000000
                0x80020000                        __ospi_device_0_region_start_address__ = __ospi_device_0_start__
                0x88020000                        __ospi_device_0_region_end_address__ = (__ospi_device_0_start__ + __ospi_device_0_region_max_size__)
                0x80020000                        __tz_OSPI_DEVICE_0_N = __ospi_device_0_non_retentive_end__
                0x80030000                        __tz_OSPI_DEVICE_1_S = ORIGIN (OSPI_DEVICE_1)

.OSPI_DEVICE_1  0x80030000        0x0
                0x80030000                        __ospi_device_1_start__ = .
 *(.ospi_device_1*)
 *(.code_in_ospi_device_1*)
                0x80030000                        __ospi_device_1_end__ = .
                0x00000000                        __ospi_device_1_code_size__ = (__ospi_device_1_end__ - __ospi_device_1_start__)
                0x00003af0                        __ospi_device_1_code_addr__ = (sgstubs_pre_location + (SIZEOF (.qspi_non_retentive) + SIZEOF (.ospi_device_0_non_retentive)))

.ospi_device_1_non_retentive
                0x80030000        0x0 load address 0x00003af0
                0x80030000                        __ospi_device_1_non_retentive_start__ = .
 *(.ospi_device_1_non_retentive*)
                0x80030000                        __ospi_device_1_non_retentive_end__ = .
                0x00000000                        __ospi_device_1_non_retentive_size__ = (__ospi_device_1_non_retentive_end__ - __ospi_device_1_non_retentive_start__)
                0x10000000                        __ospi_device_1_region_max_size__ = 0x10000000
                0x80030000                        __ospi_device_1_region_start_address__ = __ospi_device_1_start__
                0x90030000                        __ospi_device_1_region_end_address__ = (__ospi_device_1_start__ + __ospi_device_1_region_max_size__)
                0x80030000                        __tz_OSPI_DEVICE_1_N = __ospi_device_1_non_retentive_end__

.noinit         0x2000007c       0x14
                0x2000007c                        . = ALIGN (0x4)
                0x2000007c                        __noinit_start = .
 *(.noinit*)
 .noinit        0x2000007c       0x14 ./ra/fsp/src/bsp/mcu/all/bsp_clocks.o
                0x20000090                        . = ALIGN (0x8)
 *(.heap.*)
                0x20000090                        __noinit_end = .

.bss            0x20000090      0x5e4
                0x20000090                        . = ALIGN (0x4)
                0x20000090                        __bss_start__ = .
 *(.bss*)
 .bss.completed.1
                0x20000090        0x1 /home/maldus/Local/renesas/e2_studio/toolchains/gcc_arm/13_2-Rel1/arm-gnu-toolchain-13.2.Rel1-x86_64-arm-none-eabi/bin/../lib/gcc/arm-none-eabi/13.2.1/thumb/v8-m.base/nofp/crtbegin.o
 *fill*         0x20000091        0x3 
 .bss.object.0  0x20000094       0x18 /home/maldus/Local/renesas/e2_studio/toolchains/gcc_arm/13_2-Rel1/arm-gnu-toolchain-13.2.Rel1-x86_64-arm-none-eabi/bin/../lib/gcc/arm-none-eabi/13.2.1/thumb/v8-m.base/nofp/crtbegin.o
 .bss.ts.0      0x200000ac        0x4 ./src/controller/controller.o
 .bss.state     0x200000b0        0x4 ./src/controller/observer.o
 .bss.watcher   0x200000b4       0x38 ./src/controller/observer.o
 .bss.ts.0      0x200000ec        0x4 ./src/bsp/adc.o
 .bss.samples_4_20ma
                0x200000f0       0x14 ./src/bsp/adc.o
 .bss.samples_index_4_20ma
                0x20000104        0x2 ./src/bsp/adc.o
 *fill*         0x20000106        0x2 
 .bss.samples_0_10v
                0x20000108       0x14 ./src/bsp/adc.o
 .bss.samples_index_0_10v
                0x2000011c        0x2 ./src/bsp/adc.o
 *fill*         0x2000011e        0x2 
 .bss.timestamp.0
                0x20000120        0x4 ./src/bsp/heartbit.o
 .bss.blink.1   0x20000124        0x1 ./src/bsp/heartbit.o
 *fill*         0x20000125        0x3 
 .bss.ts.0      0x20000128        0x4 ./src/bsp/input.o
 .bss.filter    0x2000012c       0x88 ./src/bsp/input.o
 .bss.pwm_periph_period
                0x200001b4        0x4 ./src/bsp/pwm.o
 .bss.last_reception_timestamp
                0x200001b8        0x4 ./src/bsp/rs232.o
 .bss.receive_buffer
                0x200001bc       0xff ./src/bsp/rs232.o
 *fill*         0x200002bb        0x1 
 .bss.receive_index
                0x200002bc        0x4 ./src/bsp/rs232.o
 .bss.millis    0x200002c0        0x4 ./src/bsp/system.o
 .bss.response.0
                0x200002c4      0x100 ./src/adapters/modbus_server.o
 .bss.modbus_minion
                0x200003c4       0x24 ./src/adapters/modbus_server.o
 .bss.g_ioport_ctrl
                0x200003e8        0x8 ./ra_gen/common_data.o
                0x200003e8                g_ioport_ctrl
 .bss.g_uart0_ctrl
                0x200003f0       0x30 ./ra_gen/hal_data.o
                0x200003f0                g_uart0_ctrl
 .bss.g_timer_pwm_ctrl
                0x20000420       0x20 ./ra_gen/hal_data.o
                0x20000420                g_timer_pwm_ctrl
 .bss.g_adc0_ctrl
                0x20000440       0x24 ./ra_gen/hal_data.o
                0x20000440                g_adc0_ctrl
 .bss.g_bsp_group_irq_sources
                0x20000464       0x34 ./ra/fsp/src/bsp/mcu/all/bsp_group_irq.o
                0x20000464                g_bsp_group_irq_sources
 .bss.g_protect_pfswe_counter
                0x20000498        0x4 ./ra/fsp/src/bsp/mcu/all/bsp_io.o
                0x20000498                g_protect_pfswe_counter
 .bss.gp_renesas_isr_context
                0x2000049c       0x80 ./ra/fsp/src/bsp/mcu/all/bsp_irq.o
                0x2000049c                gp_renesas_isr_context
 .bss.g_protect_counters
                0x2000051c        0x8 ./ra/fsp/src/bsp/mcu/all/bsp_register_protection.o
                0x2000051c                g_protect_counters
 .bss.current_heap_end.0
                0x20000524        0x4 ./ra/fsp/src/bsp/mcu/all/bsp_sbrk.o
 .bss.SystemCoreClock
                0x20000528        0x4 ./ra/fsp/src/bsp/cmsis/Device/RENESAS/Source/system.o
                0x20000528                SystemCoreClock
 .bss.__malloc_sbrk_start
                0x2000052c        0x4 /home/maldus/Local/renesas/e2_studio/toolchains/gcc_arm/13_2-Rel1/arm-gnu-toolchain-13.2.Rel1-x86_64-arm-none-eabi/bin/../lib/gcc/arm-none-eabi/13.2.1/../../../../arm-none-eabi/lib/thumb/v8-m.base/nofp/libg_nano.a(libc_a-mallocr.o)
                0x2000052c                __malloc_sbrk_start
 .bss.__malloc_free_list
                0x20000530        0x4 /home/maldus/Local/renesas/e2_studio/toolchains/gcc_arm/13_2-Rel1/arm-gnu-toolchain-13.2.Rel1-x86_64-arm-none-eabi/bin/../lib/gcc/arm-none-eabi/13.2.1/../../../../arm-none-eabi/lib/thumb/v8-m.base/nofp/libg_nano.a(libc_a-mallocr.o)
                0x20000530                __malloc_free_list
 .bss.__sf      0x20000534      0x138 /home/maldus/Local/renesas/e2_studio/toolchains/gcc_arm/13_2-Rel1/arm-gnu-toolchain-13.2.Rel1-x86_64-arm-none-eabi/bin/../lib/gcc/arm-none-eabi/13.2.1/../../../../arm-none-eabi/lib/thumb/v8-m.base/nofp/libg_nano.a(libc_a-findfp.o)
                0x20000534                __sf
 .bss.__lock___malloc_recursive_mutex
                0x2000066c        0x1 /home/maldus/Local/renesas/e2_studio/toolchains/gcc_arm/13_2-Rel1/arm-gnu-toolchain-13.2.Rel1-x86_64-arm-none-eabi/bin/../lib/gcc/arm-none-eabi/13.2.1/../../../../arm-none-eabi/lib/thumb/v8-m.base/nofp/libg_nano.a(libc_a-lock.o)
                0x2000066c                __lock___malloc_recursive_mutex
 *fill*         0x2000066d        0x3 
 .bss.errno     0x20000670        0x4 /home/maldus/Local/renesas/e2_studio/toolchains/gcc_arm/13_2-Rel1/arm-gnu-toolchain-13.2.Rel1-x86_64-arm-none-eabi/bin/../lib/gcc/arm-none-eabi/13.2.1/../../../../arm-none-eabi/lib/thumb/v8-m.base/nofp/libg_nano.a(libc_a-reent.o)
                0x20000670                errno
 *(COMMON)
                0x20000674                        . = ALIGN (0x4)
                0x20000674                        __bss_end__ = .

.heap           0x20000678      0x3e8
                0x20000678                        . = ALIGN (0x8)
                0x20000678                        __HeapBase = .
 *(.heap)
 .heap          0x20000678      0x3e8 ./ra/fsp/src/bsp/cmsis/Device/RENESAS/Source/startup.o
                0x20000a60                        __HeapLimit = .

.stack_dummy    0x20000a60      0x800
                0x20000a60                        . = ALIGN (0x8)
                0x20000a60                        __StackLimit = .
 *(.stack)
 .stack         0x20000a60      0x800 ./ra/fsp/src/bsp/cmsis/Device/RENESAS/Source/startup.o
                0x20001260                        __StackTop = .
 *(.stack*)
                0x20001260                        __StackTopAll = .
                0x20001260                        PROVIDE (__stack = __StackTopAll)
                0x20001260                        __RAM_segment_used_end__ = ALIGN (__StackTopAll, 0x4)
                0x20001400                        __tz_RAM_C = DEFINED (RAM_NSC_START)?ABSOLUTE ((RAM_NSC_START - RAM_NS_BUFFER_BLOCK_LENGTH)):__RESERVE_NS_RAM?ABSOLUTE (RAM_NS_BUFFER_BLOCK_START):ALIGN (__RAM_segment_used_end__, 0x400)
                0x20002000                        __tz_RAM_N = DEFINED (RAM_NS_START)?ABSOLUTE ((RAM_NS_START - RAM_NS_BUFFER_BLOCK_LENGTH)):__RESERVE_NS_RAM?ABSOLUTE (RAM_NS_BUFFER_BLOCK_START):ALIGN (__tz_RAM_C, 0x2000)

.ns_buffer      0x20001260        0x0
                0x20001260                        . = __RESERVE_NS_RAM?ABSOLUTE ((RAM_NS_BUFFER_START & 0xffffffe0)):.
 *(.ns_buffer*)

.data_flash     0x40100000        0x0
                0x40100000                        . = ORIGIN (DATA_FLASH)
                0x40100000                        __tz_DATA_FLASH_S = .
                0x40100000                        __Data_Flash_Start = .
 *(.data_flash*)
                0x40100000                        __Data_Flash_End = .
                0x40100000                        __tz_DATA_FLASH_N = DEFINED (DATA_FLASH_NS_START)?ABSOLUTE (DATA_FLASH_NS_START):__RESERVE_NS_RAM?ABSOLUTE ((DATA_FLASH_START + DATA_FLASH_LENGTH)):ALIGN (0x400)
                0x80010000                        __tz_SDRAM_S = ORIGIN (SDRAM)

.sdram          0x80010000        0x0
                0x80010000                        __SDRAM_Start = .
 *(.sdram*)
 *(.frame*)
                0x80010000                        __SDRAM_End = .
                0x80010000                        __tz_SDRAM_N = __SDRAM_End
                0x01010018                        __tz_ID_CODE_S = ORIGIN (ID_CODE)
                0x01010018                        __tz_ID_CODE_N = __tz_ID_CODE_S

.id_code        0x01010018       0x1c
                0x01010018                        __ID_Code_Start = .
 *(.id_code*)
 .id_code       0x01010018       0x1c ./ra/fsp/src/bsp/mcu/all/bsp_rom_registers.o
                0x01010034                        __ID_Code_End = .
                0x00000000                        __tz_OPTION_SETTING_S = ORIGIN (OPTION_SETTING_OFS)

.rel.dyn        0x01010034        0x0
 .rel.iplt      0x01010034        0x0 /home/maldus/Local/renesas/e2_studio/toolchains/gcc_arm/13_2-Rel1/arm-gnu-toolchain-13.2.Rel1-x86_64-arm-none-eabi/bin/../lib/gcc/arm-none-eabi/13.2.1/thumb/v8-m.base/nofp/crtbegin.o

.option_setting_ofs
                0x00000000        0x0
                0x00000000                        __OPTION_SETTING_OFS_Start = .
 *(.option_setting_ofs0)
                0x00000000                        . = PROJECT_SECURE_OR_FLAT?(__OPTION_SETTING_OFS_Start + 0x4):__OPTION_SETTING_OFS_Start
 *(.option_setting_ofs2)
                0x00000000                        . = PROJECT_SECURE_OR_FLAT?(__OPTION_SETTING_OFS_Start + 0x10):__OPTION_SETTING_OFS_Start
 *(.option_setting_dualsel)
                0x00000000                        __OPTION_SETTING_OFS_End = .

.option_setting_sas
                0x00000034        0x0
                0x00000034                        __OPTION_SETTING_SAS_Start = .
 *(.option_setting_sas)
                0x00000034                        __OPTION_SETTING_SAS_End = .
                0x00000080                        __tz_OPTION_SETTING_N = ABSOLUTE (OPTION_SETTING_START_NS)

.option_setting_ns
                0x00000000        0x0
                0x00000000                        __OPTION_SETTING_NS_Start = .
 *(.option_setting_ofs1)
                0x00000000                        . = USE_OPTION_SETTING_NS?(__OPTION_SETTING_NS_Start + 0x4):__OPTION_SETTING_NS_Start
 *(.option_setting_ofs3)
                0x00000000                        . = USE_OPTION_SETTING_NS?(__OPTION_SETTING_NS_Start + 0x10):__OPTION_SETTING_NS_Start
 *(.option_setting_banksel)
                0x00000000                        . = USE_OPTION_SETTING_NS?(__OPTION_SETTING_NS_Start + 0x40):__OPTION_SETTING_NS_Start
 *(.option_setting_bps0)
                0x00000000                        . = USE_OPTION_SETTING_NS?(__OPTION_SETTING_NS_Start + 0x44):__OPTION_SETTING_NS_Start
 *(.option_setting_bps1)
                0x00000000                        . = USE_OPTION_SETTING_NS?(__OPTION_SETTING_NS_Start + 0x48):__OPTION_SETTING_NS_Start
 *(.option_setting_bps2)
                0x00000000                        . = USE_OPTION_SETTING_NS?(__OPTION_SETTING_NS_Start + 0x4c):__OPTION_SETTING_NS_Start
 *(.option_setting_bps3)
                0x00000000                        . = USE_OPTION_SETTING_NS?(__OPTION_SETTING_NS_Start + 0x60):__OPTION_SETTING_NS_Start
 *(.option_setting_pbps0)
                0x00000000                        . = USE_OPTION_SETTING_NS?(__OPTION_SETTING_NS_Start + 0x64):__OPTION_SETTING_NS_Start
 *(.option_setting_pbps1)
                0x00000000                        . = USE_OPTION_SETTING_NS?(__OPTION_SETTING_NS_Start + 0x68):__OPTION_SETTING_NS_Start
 *(.option_setting_pbps2)
                0x00000000                        . = USE_OPTION_SETTING_NS?(__OPTION_SETTING_NS_Start + 0x6c):__OPTION_SETTING_NS_Start
 *(.option_setting_pbps3)
                0x00000000                        __OPTION_SETTING_NS_End = .
                0x80000000                        __tz_OPTION_SETTING_S_S = ORIGIN (OPTION_SETTING_S)

.option_setting_s
                0x80000000        0x0
                0x80000000                        __OPTION_SETTING_S_Start = .
 *(.option_setting_ofs1_sec)
                0x80000000                        . = PROJECT_SECURE_OR_FLAT?(__OPTION_SETTING_S_Start + 0x4):__OPTION_SETTING_S_Start
 *(.option_setting_ofs3_sec)
                0x80000000                        . = PROJECT_SECURE_OR_FLAT?(__OPTION_SETTING_S_Start + 0x10):__OPTION_SETTING_S_Start
 *(.option_setting_banksel_sec)
                0x80000000                        . = PROJECT_SECURE_OR_FLAT?(__OPTION_SETTING_S_Start + 0x40):__OPTION_SETTING_S_Start
 *(.option_setting_bps_sec0)
                0x80000000                        . = PROJECT_SECURE_OR_FLAT?(__OPTION_SETTING_S_Start + 0x44):__OPTION_SETTING_S_Start
 *(.option_setting_bps_sec1)
                0x80000000                        . = PROJECT_SECURE_OR_FLAT?(__OPTION_SETTING_S_Start + 0x48):__OPTION_SETTING_S_Start
 *(.option_setting_bps_sec2)
                0x80000000                        . = PROJECT_SECURE_OR_FLAT?(__OPTION_SETTING_S_Start + 0x4c):__OPTION_SETTING_S_Start
 *(.option_setting_bps_sec3)
                0x80000000                        . = PROJECT_SECURE_OR_FLAT?(__OPTION_SETTING_S_Start + 0x60):__OPTION_SETTING_S_Start
 *(.option_setting_pbps_sec0)
                0x80000000                        . = PROJECT_SECURE_OR_FLAT?(__OPTION_SETTING_S_Start + 0x64):__OPTION_SETTING_S_Start
 *(.option_setting_pbps_sec1)
                0x80000000                        . = PROJECT_SECURE_OR_FLAT?(__OPTION_SETTING_S_Start + 0x68):__OPTION_SETTING_S_Start
 *(.option_setting_pbps_sec2)
                0x80000000                        . = PROJECT_SECURE_OR_FLAT?(__OPTION_SETTING_S_Start + 0x6c):__OPTION_SETTING_S_Start
 *(.option_setting_pbps_sec3)
                0x80000000                        . = PROJECT_SECURE_OR_FLAT?(__OPTION_SETTING_S_Start + 0x80):__OPTION_SETTING_S_Start
 *(.option_setting_ofs1_sel)
                0x80000000                        . = PROJECT_SECURE_OR_FLAT?(__OPTION_SETTING_S_Start + 0x84):__OPTION_SETTING_S_Start
 *(.option_setting_ofs3_sel)
                0x80000000                        . = PROJECT_SECURE_OR_FLAT?(__OPTION_SETTING_S_Start + 0x90):__OPTION_SETTING_S_Start
 *(.option_setting_banksel_sel)
                0x80000000                        . = PROJECT_SECURE_OR_FLAT?(__OPTION_SETTING_S_Start + 0xc0):__OPTION_SETTING_S_Start
 *(.option_setting_bps_sel0)
                0x80000000                        . = PROJECT_SECURE_OR_FLAT?(__OPTION_SETTING_S_Start + 0xc4):__OPTION_SETTING_S_Start
 *(.option_setting_bps_sel1)
                0x80000000                        . = PROJECT_SECURE_OR_FLAT?(__OPTION_SETTING_S_Start + 0xc8):__OPTION_SETTING_S_Start
 *(.option_setting_bps_sel2)
                0x80000000                        . = PROJECT_SECURE_OR_FLAT?(__OPTION_SETTING_S_Start + 0xcc):__OPTION_SETTING_S_Start
 *(.option_setting_bps_sel3)
                0x80000000                        __OPTION_SETTING_S_End = .
                0x80000000                        __tz_OPTION_SETTING_S_N = __OPTION_SETTING_S_End
OUTPUT(pressa_rotondi.elf elf32-littlearm)
LOAD linker stubs

.ARM.attributes
                0x00000000       0x2c
 .ARM.attributes
                0x00000000       0x22 /home/maldus/Local/renesas/e2_studio/toolchains/gcc_arm/13_2-Rel1/arm-gnu-toolchain-13.2.Rel1-x86_64-arm-none-eabi/bin/../lib/gcc/arm-none-eabi/13.2.1/thumb/v8-m.base/nofp/crti.o
 .ARM.attributes
                0x00000022       0x30 /home/maldus/Local/renesas/e2_studio/toolchains/gcc_arm/13_2-Rel1/arm-gnu-toolchain-13.2.Rel1-x86_64-arm-none-eabi/bin/../lib/gcc/arm-none-eabi/13.2.1/thumb/v8-m.base/nofp/crtbegin.o
 .ARM.attributes
                0x00000052       0x30 ./src/model/model.o
 .ARM.attributes
                0x00000082       0x30 ./src/controller/controller.o
 .ARM.attributes
                0x000000b2       0x30 ./src/controller/observer.o
 .ARM.attributes
                0x000000e2       0x30 ./src/bsp/adc.o
 .ARM.attributes
                0x00000112       0x30 ./src/bsp/heartbit.o
 .ARM.attributes
                0x00000142       0x30 ./src/bsp/input.o
 .ARM.attributes
                0x00000172       0x30 ./src/bsp/pwm.o
 .ARM.attributes
                0x000001a2       0x30 ./src/bsp/relay.o
 .ARM.attributes
                0x000001d2       0x30 ./src/bsp/rs232.o
 .ARM.attributes
                0x00000202       0x30 ./src/bsp/system.o
 .ARM.attributes
                0x00000232       0x30 ./src/adapters/modbus_server.o
 .ARM.attributes
                0x00000262       0x30 ./src/hal_entry.o
 .ARM.attributes
                0x00000292       0x30 ./ra_gen/common_data.o
 .ARM.attributes
                0x000002c2       0x30 ./ra_gen/hal_data.o
 .ARM.attributes
                0x000002f2       0x30 ./ra_gen/main.o
 .ARM.attributes
                0x00000322       0x30 ./ra_gen/pin_data.o
 .ARM.attributes
                0x00000352       0x30 ./ra_gen/vector_data.o
 .ARM.attributes
                0x00000382       0x30 ./ra/fsp/src/r_sci_uart/r_sci_uart.o
 .ARM.attributes
                0x000003b2       0x30 ./ra/fsp/src/r_ioport/r_ioport.o
 .ARM.attributes
                0x000003e2       0x30 ./ra/fsp/src/r_gpt/r_gpt.o
 .ARM.attributes
                0x00000412       0x30 ./ra/fsp/src/r_adc/r_adc.o
 .ARM.attributes
                0x00000442       0x30 ./ra/fsp/src/bsp/mcu/all/bsp_clocks.o
 .ARM.attributes
                0x00000472       0x30 ./ra/fsp/src/bsp/mcu/all/bsp_common.o
 .ARM.attributes
                0x000004a2       0x30 ./ra/fsp/src/bsp/mcu/all/bsp_delay.o
 .ARM.attributes
                0x000004d2       0x30 ./ra/fsp/src/bsp/mcu/all/bsp_group_irq.o
 .ARM.attributes
                0x00000502       0x30 ./ra/fsp/src/bsp/mcu/all/bsp_io.o
 .ARM.attributes
                0x00000532       0x30 ./ra/fsp/src/bsp/mcu/all/bsp_irq.o
 .ARM.attributes
                0x00000562       0x30 ./ra/fsp/src/bsp/mcu/all/bsp_register_protection.o
 .ARM.attributes
                0x00000592       0x30 ./ra/fsp/src/bsp/mcu/all/bsp_rom_registers.o
 .ARM.attributes
                0x000005c2       0x30 ./ra/fsp/src/bsp/mcu/all/bsp_sbrk.o
 .ARM.attributes
                0x000005f2       0x30 ./ra/fsp/src/bsp/cmsis/Device/RENESAS/Source/startup.o
 .ARM.attributes
                0x00000622       0x30 ./ra/fsp/src/bsp/cmsis/Device/RENESAS/Source/system.o
 .ARM.attributes
                0x00000652       0x30 ./libs/c-watcher/src/watcher.o
 .ARM.attributes
                0x00000682       0x30 ./libs/c-debounce/src/debounce.o
 .ARM.attributes
                0x000006b2       0x22 /home/maldus/Local/renesas/e2_studio/toolchains/gcc_arm/13_2-Rel1/arm-gnu-toolchain-13.2.Rel1-x86_64-arm-none-eabi/bin/../lib/gcc/arm-none-eabi/13.2.1/thumb/v8-m.base/nofp/libgcc.a(_clzsi2.o)
 .ARM.attributes
                0x000006d4       0x22 /home/maldus/Local/renesas/e2_studio/toolchains/gcc_arm/13_2-Rel1/arm-gnu-toolchain-13.2.Rel1-x86_64-arm-none-eabi/bin/../lib/gcc/arm-none-eabi/13.2.1/thumb/v8-m.base/nofp/libgcc.a(_aeabi_uldivmod.o)
 .ARM.attributes
                0x000006f6       0x30 /home/maldus/Local/renesas/e2_studio/toolchains/gcc_arm/13_2-Rel1/arm-gnu-toolchain-13.2.Rel1-x86_64-arm-none-eabi/bin/../lib/gcc/arm-none-eabi/13.2.1/thumb/v8-m.base/nofp/libgcc.a(_muldi3.o)
 .ARM.attributes
                0x00000726       0x30 /home/maldus/Local/renesas/e2_studio/toolchains/gcc_arm/13_2-Rel1/arm-gnu-toolchain-13.2.Rel1-x86_64-arm-none-eabi/bin/../lib/gcc/arm-none-eabi/13.2.1/thumb/v8-m.base/nofp/libgcc.a(_udivmoddi4.o)
 .ARM.attributes
                0x00000756       0x22 /home/maldus/Local/renesas/e2_studio/toolchains/gcc_arm/13_2-Rel1/arm-gnu-toolchain-13.2.Rel1-x86_64-arm-none-eabi/bin/../lib/gcc/arm-none-eabi/13.2.1/thumb/v8-m.base/nofp/libgcc.a(_dvmd_tls.o)
 .ARM.attributes
                0x00000778       0x30 /home/maldus/Local/renesas/e2_studio/toolchains/gcc_arm/13_2-Rel1/arm-gnu-toolchain-13.2.Rel1-x86_64-arm-none-eabi/bin/../lib/gcc/arm-none-eabi/13.2.1/../../../../arm-none-eabi/lib/thumb/v8-m.base/nofp/libg_nano.a(libc_a-memcpy-stub.o)
 .ARM.attributes
                0x000007a8       0x30 /home/maldus/Local/renesas/e2_studio/toolchains/gcc_arm/13_2-Rel1/arm-gnu-toolchain-13.2.Rel1-x86_64-arm-none-eabi/bin/../lib/gcc/arm-none-eabi/13.2.1/../../../../arm-none-eabi/lib/thumb/v8-m.base/nofp/libg_nano.a(libc_a-malloc.o)
 .ARM.attributes
                0x000007d8       0x30 /home/maldus/Local/renesas/e2_studio/toolchains/gcc_arm/13_2-Rel1/arm-gnu-toolchain-13.2.Rel1-x86_64-arm-none-eabi/bin/../lib/gcc/arm-none-eabi/13.2.1/../../../../arm-none-eabi/lib/thumb/v8-m.base/nofp/libg_nano.a(libc_a-mallocr.o)
 .ARM.attributes
                0x00000808       0x30 /home/maldus/Local/renesas/e2_studio/toolchains/gcc_arm/13_2-Rel1/arm-gnu-toolchain-13.2.Rel1-x86_64-arm-none-eabi/bin/../lib/gcc/arm-none-eabi/13.2.1/../../../../arm-none-eabi/lib/thumb/v8-m.base/nofp/libg_nano.a(libc_a-findfp.o)
 .ARM.attributes
                0x00000838       0x30 /home/maldus/Local/renesas/e2_studio/toolchains/gcc_arm/13_2-Rel1/arm-gnu-toolchain-13.2.Rel1-x86_64-arm-none-eabi/bin/../lib/gcc/arm-none-eabi/13.2.1/../../../../arm-none-eabi/lib/thumb/v8-m.base/nofp/libg_nano.a(libc_a-mlock.o)
 .ARM.attributes
                0x00000868       0x30 /home/maldus/Local/renesas/e2_studio/toolchains/gcc_arm/13_2-Rel1/arm-gnu-toolchain-13.2.Rel1-x86_64-arm-none-eabi/bin/../lib/gcc/arm-none-eabi/13.2.1/../../../../arm-none-eabi/lib/thumb/v8-m.base/nofp/libg_nano.a(libc_a-realloc.o)
 .ARM.attributes
                0x00000898       0x30 /home/maldus/Local/renesas/e2_studio/toolchains/gcc_arm/13_2-Rel1/arm-gnu-toolchain-13.2.Rel1-x86_64-arm-none-eabi/bin/../lib/gcc/arm-none-eabi/13.2.1/../../../../arm-none-eabi/lib/thumb/v8-m.base/nofp/libg_nano.a(libc_a-sbrkr.o)
 .ARM.attributes
                0x000008c8       0x30 /home/maldus/Local/renesas/e2_studio/toolchains/gcc_arm/13_2-Rel1/arm-gnu-toolchain-13.2.Rel1-x86_64-arm-none-eabi/bin/../lib/gcc/arm-none-eabi/13.2.1/../../../../arm-none-eabi/lib/thumb/v8-m.base/nofp/libg_nano.a(libc_a-errno.o)
 .ARM.attributes
                0x000008f8       0x30 /home/maldus/Local/renesas/e2_studio/toolchains/gcc_arm/13_2-Rel1/arm-gnu-toolchain-13.2.Rel1-x86_64-arm-none-eabi/bin/../lib/gcc/arm-none-eabi/13.2.1/../../../../arm-none-eabi/lib/thumb/v8-m.base/nofp/libg_nano.a(libc_a-memcmp.o)
 .ARM.attributes
                0x00000928       0x30 /home/maldus/Local/renesas/e2_studio/toolchains/gcc_arm/13_2-Rel1/arm-gnu-toolchain-13.2.Rel1-x86_64-arm-none-eabi/bin/../lib/gcc/arm-none-eabi/13.2.1/../../../../arm-none-eabi/lib/thumb/v8-m.base/nofp/libg_nano.a(libc_a-memset.o)
 .ARM.attributes
                0x00000958       0x30 /home/maldus/Local/renesas/e2_studio/toolchains/gcc_arm/13_2-Rel1/arm-gnu-toolchain-13.2.Rel1-x86_64-arm-none-eabi/bin/../lib/gcc/arm-none-eabi/13.2.1/../../../../arm-none-eabi/lib/thumb/v8-m.base/nofp/libg_nano.a(libc_a-reallocr.o)
 .ARM.attributes
                0x00000988       0x30 /home/maldus/Local/renesas/e2_studio/toolchains/gcc_arm/13_2-Rel1/arm-gnu-toolchain-13.2.Rel1-x86_64-arm-none-eabi/bin/../lib/gcc/arm-none-eabi/13.2.1/../../../../arm-none-eabi/lib/thumb/v8-m.base/nofp/libg_nano.a(libc_a-freer.o)
 .ARM.attributes
                0x000009b8       0x30 /home/maldus/Local/renesas/e2_studio/toolchains/gcc_arm/13_2-Rel1/arm-gnu-toolchain-13.2.Rel1-x86_64-arm-none-eabi/bin/../lib/gcc/arm-none-eabi/13.2.1/../../../../arm-none-eabi/lib/thumb/v8-m.base/nofp/libg_nano.a(libc_a-lock.o)
 .ARM.attributes
                0x000009e8       0x30 /home/maldus/Local/renesas/e2_studio/toolchains/gcc_arm/13_2-Rel1/arm-gnu-toolchain-13.2.Rel1-x86_64-arm-none-eabi/bin/../lib/gcc/arm-none-eabi/13.2.1/../../../../arm-none-eabi/lib/thumb/v8-m.base/nofp/libg_nano.a(libc_a-reent.o)
 .ARM.attributes
                0x00000a18       0x30 /home/maldus/Local/renesas/e2_studio/toolchains/gcc_arm/13_2-Rel1/arm-gnu-toolchain-13.2.Rel1-x86_64-arm-none-eabi/bin/../lib/gcc/arm-none-eabi/13.2.1/../../../../arm-none-eabi/lib/thumb/v8-m.base/nofp/libg_nano.a(libc_a-impure.o)
 .ARM.attributes
                0x00000a48       0x30 /home/maldus/Local/renesas/e2_studio/toolchains/gcc_arm/13_2-Rel1/arm-gnu-toolchain-13.2.Rel1-x86_64-arm-none-eabi/bin/../lib/gcc/arm-none-eabi/13.2.1/../../../../arm-none-eabi/lib/thumb/v8-m.base/nofp/libg_nano.a(libc_a-msizer.o)
 .ARM.attributes
                0x00000a78       0x30 /home/maldus/Local/renesas/e2_studio/toolchains/gcc_arm/13_2-Rel1/arm-gnu-toolchain-13.2.Rel1-x86_64-arm-none-eabi/bin/../lib/gcc/arm-none-eabi/13.2.1/thumb/v8-m.base/nofp/crtend.o
 .ARM.attributes
                0x00000aa8       0x22 /home/maldus/Local/renesas/e2_studio/toolchains/gcc_arm/13_2-Rel1/arm-gnu-toolchain-13.2.Rel1-x86_64-arm-none-eabi/bin/../lib/gcc/arm-none-eabi/13.2.1/thumb/v8-m.base/nofp/crtn.o

.comment        0x00000000       0x44
 .comment       0x00000000       0x44 ./src/model/model.o
                                 0x45 (size before relaxing)
 .comment       0x00000044       0x45 ./src/controller/controller.o
 .comment       0x00000044       0x45 ./src/controller/observer.o
 .comment       0x00000044       0x45 ./src/bsp/adc.o
 .comment       0x00000044       0x45 ./src/bsp/heartbit.o
 .comment       0x00000044       0x45 ./src/bsp/input.o
 .comment       0x00000044       0x45 ./src/bsp/pwm.o
 .comment       0x00000044       0x45 ./src/bsp/relay.o
 .comment       0x00000044       0x45 ./src/bsp/rs232.o
 .comment       0x00000044       0x45 ./src/bsp/system.o
 .comment       0x00000044       0x45 ./src/adapters/modbus_server.o
 .comment       0x00000044       0x45 ./src/hal_entry.o
 .comment       0x00000044       0x45 ./ra_gen/common_data.o
 .comment       0x00000044       0x45 ./ra_gen/hal_data.o
 .comment       0x00000044       0x45 ./ra_gen/main.o
 .comment       0x00000044       0x45 ./ra_gen/pin_data.o
 .comment       0x00000044       0x45 ./ra_gen/vector_data.o
 .comment       0x00000044       0x45 ./ra/fsp/src/r_sci_uart/r_sci_uart.o
 .comment       0x00000044       0x45 ./ra/fsp/src/r_ioport/r_ioport.o
 .comment       0x00000044       0x45 ./ra/fsp/src/r_gpt/r_gpt.o
 .comment       0x00000044       0x45 ./ra/fsp/src/r_adc/r_adc.o
 .comment       0x00000044       0x45 ./ra/fsp/src/bsp/mcu/all/bsp_clocks.o
 .comment       0x00000044       0x45 ./ra/fsp/src/bsp/mcu/all/bsp_common.o
 .comment       0x00000044       0x45 ./ra/fsp/src/bsp/mcu/all/bsp_delay.o
 .comment       0x00000044       0x45 ./ra/fsp/src/bsp/mcu/all/bsp_group_irq.o
 .comment       0x00000044       0x45 ./ra/fsp/src/bsp/mcu/all/bsp_io.o
 .comment       0x00000044       0x45 ./ra/fsp/src/bsp/mcu/all/bsp_irq.o
 .comment       0x00000044       0x45 ./ra/fsp/src/bsp/mcu/all/bsp_register_protection.o
 .comment       0x00000044       0x45 ./ra/fsp/src/bsp/mcu/all/bsp_rom_registers.o
 .comment       0x00000044       0x45 ./ra/fsp/src/bsp/mcu/all/bsp_sbrk.o
 .comment       0x00000044       0x45 ./ra/fsp/src/bsp/cmsis/Device/RENESAS/Source/startup.o
 .comment       0x00000044       0x45 ./ra/fsp/src/bsp/cmsis/Device/RENESAS/Source/system.o
 .comment       0x00000044       0x45 ./libs/c-watcher/src/watcher.o
 .comment       0x00000044       0x45 ./libs/c-debounce/src/debounce.o

.debug_info     0x00000000    0x4cebe
 .debug_info    0x00000000      0x26c ./src/model/model.o
 .debug_info    0x0000026c      0x3d0 ./src/controller/controller.o
 .debug_info    0x0000063c      0x8df ./src/controller/observer.o
 .debug_info    0x00000f1b     0x3774 ./src/bsp/adc.o
 .debug_info    0x0000468f     0x130f ./src/bsp/heartbit.o
 .debug_info    0x0000599e     0x1483 ./src/bsp/input.o
 .debug_info    0x00006e21     0x32b0 ./src/bsp/pwm.o
 .debug_info    0x0000a0d1     0x12a5 ./src/bsp/relay.o
 .debug_info    0x0000b376     0x148d ./src/bsp/rs232.o
 .debug_info    0x0000c803      0x466 ./src/bsp/system.o
 .debug_info    0x0000cc69     0x2e17 ./src/adapters/modbus_server.o
 .debug_info    0x0000fa80     0x1f89 ./src/hal_entry.o
 .debug_info    0x00011a09     0x1223 ./ra_gen/common_data.o
 .debug_info    0x00012c2c     0x9ab2 ./ra_gen/hal_data.o
 .debug_info    0x0001c6de       0xb5 ./ra_gen/main.o
 .debug_info    0x0001c793      0xa25 ./ra_gen/pin_data.o
 .debug_info    0x0001d1b8      0xa6c ./ra_gen/vector_data.o
 .debug_info    0x0001dc24     0x88d6 ./ra/fsp/src/r_sci_uart/r_sci_uart.o
 .debug_info    0x000264fa     0x2cae ./ra/fsp/src/r_ioport/r_ioport.o
 .debug_info    0x000291a8     0x98b5 ./ra/fsp/src/r_gpt/r_gpt.o
 .debug_info    0x00032a5d     0x9c70 ./ra/fsp/src/r_adc/r_adc.o
 .debug_info    0x0003c6cd     0x5c38 ./ra/fsp/src/bsp/mcu/all/bsp_clocks.o
 .debug_info    0x00042305      0x93f ./ra/fsp/src/bsp/mcu/all/bsp_common.o
 .debug_info    0x00042c44      0x1fc ./ra/fsp/src/bsp/mcu/all/bsp_delay.o
 .debug_info    0x00042e40     0x1337 ./ra/fsp/src/bsp/mcu/all/bsp_group_irq.o
 .debug_info    0x00044177       0xb6 ./ra/fsp/src/bsp/mcu/all/bsp_io.o
 .debug_info    0x0004422d     0x1aa4 ./ra/fsp/src/bsp/mcu/all/bsp_irq.o
 .debug_info    0x00045cd1     0x3914 ./ra/fsp/src/bsp/mcu/all/bsp_register_protection.o
 .debug_info    0x000495e5       0xe5 ./ra/fsp/src/bsp/mcu/all/bsp_rom_registers.o
 .debug_info    0x000496ca      0x146 ./ra/fsp/src/bsp/mcu/all/bsp_sbrk.o
 .debug_info    0x00049810      0x18c ./ra/fsp/src/bsp/cmsis/Device/RENESAS/Source/startup.o
 .debug_info    0x0004999c     0x2014 ./ra/fsp/src/bsp/cmsis/Device/RENESAS/Source/system.o
 .debug_info    0x0004b9b0     0x123f ./libs/c-watcher/src/watcher.o
 .debug_info    0x0004cbef      0x2cf ./libs/c-debounce/src/debounce.o

.debug_abbrev   0x00000000     0x53e5
 .debug_abbrev  0x00000000      0x116 ./src/model/model.o
 .debug_abbrev  0x00000116      0x1f0 ./src/controller/controller.o
 .debug_abbrev  0x00000306      0x249 ./src/controller/observer.o
 .debug_abbrev  0x0000054f      0x388 ./src/bsp/adc.o
 .debug_abbrev  0x000008d7      0x1cd ./src/bsp/heartbit.o
 .debug_abbrev  0x00000aa4      0x28e ./src/bsp/input.o
 .debug_abbrev  0x00000d32      0x27e ./src/bsp/pwm.o
 .debug_abbrev  0x00000fb0      0x170 ./src/bsp/relay.o
 .debug_abbrev  0x00001120      0x33d ./src/bsp/rs232.o
 .debug_abbrev  0x0000145d      0x1ee ./src/bsp/system.o
 .debug_abbrev  0x0000164b      0x599 ./src/adapters/modbus_server.o
 .debug_abbrev  0x00001be4      0x297 ./src/hal_entry.o
 .debug_abbrev  0x00001e7b      0x135 ./ra_gen/common_data.o
 .debug_abbrev  0x00001fb0      0x2f3 ./ra_gen/hal_data.o
 .debug_abbrev  0x000022a3       0x63 ./ra_gen/main.o
 .debug_abbrev  0x00002306      0x101 ./ra_gen/pin_data.o
 .debug_abbrev  0x00002407       0xb7 ./ra_gen/vector_data.o
 .debug_abbrev  0x000024be      0x523 ./ra/fsp/src/r_sci_uart/r_sci_uart.o
 .debug_abbrev  0x000029e1      0x41f ./ra/fsp/src/r_ioport/r_ioport.o
 .debug_abbrev  0x00002e00      0x5cf ./ra/fsp/src/r_gpt/r_gpt.o
 .debug_abbrev  0x000033cf      0x5c2 ./ra/fsp/src/r_adc/r_adc.o
 .debug_abbrev  0x00003991      0x3cb ./ra/fsp/src/bsp/mcu/all/bsp_clocks.o
 .debug_abbrev  0x00003d5c      0x18a ./ra/fsp/src/bsp/mcu/all/bsp_common.o
 .debug_abbrev  0x00003ee6      0x113 ./ra/fsp/src/bsp/mcu/all/bsp_delay.o
 .debug_abbrev  0x00003ff9      0x25a ./ra/fsp/src/bsp/mcu/all/bsp_group_irq.o
 .debug_abbrev  0x00004253       0x60 ./ra/fsp/src/bsp/mcu/all/bsp_io.o
 .debug_abbrev  0x000042b3      0x34c ./ra/fsp/src/bsp/mcu/all/bsp_irq.o
 .debug_abbrev  0x000045ff      0x25f ./ra/fsp/src/bsp/mcu/all/bsp_register_protection.o
 .debug_abbrev  0x0000485e       0x63 ./ra/fsp/src/bsp/mcu/all/bsp_rom_registers.o
 .debug_abbrev  0x000048c1       0xd0 ./ra/fsp/src/bsp/mcu/all/bsp_sbrk.o
 .debug_abbrev  0x00004991       0xf9 ./ra/fsp/src/bsp/cmsis/Device/RENESAS/Source/startup.o
 .debug_abbrev  0x00004a8a      0x385 ./ra/fsp/src/bsp/cmsis/Device/RENESAS/Source/system.o
 .debug_abbrev  0x00004e0f      0x417 ./libs/c-watcher/src/watcher.o
 .debug_abbrev  0x00005226      0x1bf ./libs/c-debounce/src/debounce.o

.debug_loclists
                0x00000000     0x77f4
 .debug_loclists
                0x00000000       0x51 ./src/model/model.o
 .debug_loclists
                0x00000051       0x95 ./src/controller/controller.o
 .debug_loclists
                0x000000e6      0x170 ./src/controller/observer.o
 .debug_loclists
                0x00000256      0x18a ./src/bsp/adc.o
 .debug_loclists
                0x000003e0       0x41 ./src/bsp/heartbit.o
 .debug_loclists
                0x00000421       0x73 ./src/bsp/input.o
 .debug_loclists
                0x00000494       0x8b ./src/bsp/pwm.o
 .debug_loclists
                0x0000051f       0x46 ./src/bsp/relay.o
 .debug_loclists
                0x00000565      0x136 ./src/bsp/rs232.o
 .debug_loclists
                0x0000069b       0x70 ./src/bsp/system.o
 .debug_loclists
                0x0000070b     0x2550 ./src/adapters/modbus_server.o
 .debug_loclists
                0x00002c5b       0x40 ./src/hal_entry.o
 .debug_loclists
                0x00002c9b      0xb42 ./ra/fsp/src/r_sci_uart/r_sci_uart.o
 .debug_loclists
                0x000037dd      0x831 ./ra/fsp/src/r_ioport/r_ioport.o
 .debug_loclists
                0x0000400e     0x10e6 ./ra/fsp/src/r_gpt/r_gpt.o
 .debug_loclists
                0x000050f4      0xcb4 ./ra/fsp/src/r_adc/r_adc.o
 .debug_loclists
                0x00005da8      0x34c ./ra/fsp/src/bsp/mcu/all/bsp_clocks.o
 .debug_loclists
                0x000060f4       0x29 ./ra/fsp/src/bsp/mcu/all/bsp_common.o
 .debug_loclists
                0x0000611d      0x111 ./ra/fsp/src/bsp/mcu/all/bsp_delay.o
 .debug_loclists
                0x0000622e       0x7e ./ra/fsp/src/bsp/mcu/all/bsp_group_irq.o
 .debug_loclists
                0x000062ac      0x2c7 ./ra/fsp/src/bsp/mcu/all/bsp_irq.o
 .debug_loclists
                0x00006573       0xb4 ./ra/fsp/src/bsp/mcu/all/bsp_register_protection.o
 .debug_loclists
                0x00006627       0xbd ./ra/fsp/src/bsp/mcu/all/bsp_sbrk.o
 .debug_loclists
                0x000066e4       0xaa ./ra/fsp/src/bsp/cmsis/Device/RENESAS/Source/system.o
 .debug_loclists
                0x0000678e      0xe12 ./libs/c-watcher/src/watcher.o
 .debug_loclists
                0x000075a0      0x254 ./libs/c-debounce/src/debounce.o

.debug_aranges  0x00000000      0x8d8
 .debug_aranges
                0x00000000       0x30 ./src/model/model.o
 .debug_aranges
                0x00000030       0x28 ./src/controller/controller.o
 .debug_aranges
                0x00000058       0x38 ./src/controller/observer.o
 .debug_aranges
                0x00000090       0x38 ./src/bsp/adc.o
 .debug_aranges
                0x000000c8       0x20 ./src/bsp/heartbit.o
 .debug_aranges
                0x000000e8       0x30 ./src/bsp/input.o
 .debug_aranges
                0x00000118       0x28 ./src/bsp/pwm.o
 .debug_aranges
                0x00000140       0x20 ./src/bsp/relay.o
 .debug_aranges
                0x00000160       0x48 ./src/bsp/rs232.o
 .debug_aranges